#! /usr/bin/vvp
:ivl_version "12.0 (stable)";
:ivl_delay_selection "TYPICAL";
:vpi_time_precision - 12;
:vpi_module "/usr/lib/x86_64-linux-gnu/ivl/system.vpi";
:vpi_module "/usr/lib/x86_64-linux-gnu/ivl/vhdl_sys.vpi";
:vpi_module "/usr/lib/x86_64-linux-gnu/ivl/vhdl_textio.vpi";
:vpi_module "/usr/lib/x86_64-linux-gnu/ivl/v2005_math.vpi";
:vpi_module "/usr/lib/x86_64-linux-gnu/ivl/va_math.vpi";
S_0x56881d5868e0 .scope module, "tb_bin2bcd" "tb_bin2bcd" 2 10;
 .timescale -9 -12;
P_0x56881d552610 .param/l "WIDTH_BIN" 0 2 12, +C4<00000000000000000000000000010000>;
v0x56881d5aa050_0 .net "BCD_out", 19 0, L_0x56881d587c30;  1 drivers
v0x56881d5aa130_0 .var "Bin_in", 15 0;
v0x56881d5aa220_0 .net "cent", 3 0, L_0x56881d5aab10;  1 drivers
v0x56881d5aa2e0_0 .var "clk", 0 0;
v0x56881d5aa380_0 .net "dec_mil", 3 0, L_0x56881d5aa980;  1 drivers
v0x56881d5aa4b0_0 .net "decs", 3 0, L_0x56881d5aac40;  1 drivers
v0x56881d5aa590_0 .net "mil", 3 0, L_0x56881d5aaa70;  1 drivers
v0x56881d5aa670_0 .net "ready", 0 0, v0x56881d5a6fd0_0;  1 drivers
v0x56881d5aa760_0 .var "rst", 0 0;
v0x56881d5aa800_0 .var "start", 0 0;
v0x56881d5aa8a0_0 .net "unit", 3 0, L_0x56881d5aad10;  1 drivers
E_0x56881d5672f0 .event anyedge, v0x56881d5a6fd0_0;
L_0x56881d5aa980 .part L_0x56881d587c30, 16, 4;
L_0x56881d5aaa70 .part L_0x56881d587c30, 12, 4;
L_0x56881d5aab10 .part L_0x56881d587c30, 8, 4;
L_0x56881d5aac40 .part L_0x56881d587c30, 4, 4;
L_0x56881d5aad10 .part L_0x56881d587c30, 0, 4;
S_0x56881d53fb20 .scope module, "UUT" "top_bin2bcd" 2 30, 3 3 0, S_0x56881d5868e0;
 .timescale -9 -12;
    .port_info 0 /INPUT 1 "clk";
    .port_info 1 /INPUT 1 "rst";
    .port_info 2 /INPUT 1 "start";
    .port_info 3 /INPUT 16 "Bin_in";
    .port_info 4 /OUTPUT 20 "BCD_out";
    .port_info 5 /OUTPUT 1 "ready";
P_0x56881d5864f0 .param/l "N_SHIFTS" 0 3 6, +C4<00000000000000000000000000010000>;
P_0x56881d586530 .param/l "WIDTH_BCD" 0 3 5, +C4<00000000000000000000000000010100>;
P_0x56881d586570 .param/l "WIDTH_BIN" 0 3 4, +C4<00000000000000000000000000010000>;
L_0x56881d587c30 .functor BUFZ 20, v0x56881d5a8c50_0, C4<00000000000000000000>, C4<00000000000000000000>, C4<00000000000000000000>;
v0x56881d5a9000_0 .net "BCD_out", 19 0, L_0x56881d587c30;  alias, 1 drivers
v0x56881d5a9100_0 .net "Bcd", 19 0, v0x56881d5a78f0_0;  1 drivers
v0x56881d5a91c0_0 .net "Bcd_fix", 19 0, L_0x56881d5bcf00;  1 drivers
v0x56881d5a9290_0 .net "Bcd_sh", 19 0, L_0x56881d5bd3f0;  1 drivers
v0x56881d5a9360_0 .net "Bin", 15 0, v0x56881d5a82e0_0;  1 drivers
v0x56881d5a9400_0 .net "Bin_in", 15 0, v0x56881d5aa130_0;  1 drivers
v0x56881d5a94d0_0 .net "Cont", 3 0, v0x56881d5a5920_0;  1 drivers
v0x56881d5a95a0_0 .net "Result", 19 0, v0x56881d5a8c50_0;  1 drivers
v0x56881d5a9670_0 .net *"_ivl_1", 18 0, L_0x56881d5bd260;  1 drivers
v0x56881d5a97c0_0 .net *"_ivl_3", 0 0, L_0x56881d5bd300;  1 drivers
v0x56881d5a98a0_0 .net "clk", 0 0, v0x56881d5aa2e0_0;  1 drivers
v0x56881d5a9940_0 .net "decr", 0 0, L_0x56881d5bd7c0;  1 drivers
v0x56881d5a99e0_0 .net "done_cnt", 0 0, L_0x56881d5bda40;  1 drivers
v0x56881d5a9ad0_0 .net "en_calc", 0 0, L_0x56881d5bd580;  1 drivers
v0x56881d5a9b70_0 .net "init", 0 0, v0x56881d5a6dc0_0;  1 drivers
v0x56881d5a9c10_0 .net "load_bin", 0 0, v0x56881d5a6e90_0;  1 drivers
v0x56881d5a9d00_0 .net "load_out", 0 0, v0x56881d5a6f30_0;  1 drivers
v0x56881d5a9df0_0 .net "ready", 0 0, v0x56881d5a6fd0_0;  alias, 1 drivers
v0x56881d5a9e90_0 .net "rst", 0 0, v0x56881d5aa760_0;  1 drivers
v0x56881d5a9f30_0 .net "start", 0 0, v0x56881d5aa800_0;  1 drivers
L_0x56881d5bd260 .part L_0x56881d5bcf00, 0, 19;
L_0x56881d5bd300 .part v0x56881d5a82e0_0, 15, 1;
L_0x56881d5bd3f0 .concat [ 1 19 0 0], L_0x56881d5bd300, L_0x56881d5bd260;
S_0x56881d53f2a0 .scope module, "u_add3" "add_fix" 3 26, 4 7 0, S_0x56881d53fb20;
 .timescale -9 -12;
    .port_info 0 /INPUT 20 "Bcd_in";
    .port_info 1 /OUTPUT 20 "Bcd_fix";
P_0x56881d5484f0 .param/l "WIDTH_BCD" 0 4 8, +C4<00000000000000000000000000010100>;
v0x56881d588be0_0 .net "Bcd_fix", 19 0, L_0x56881d5bcf00;  alias, 1 drivers
v0x56881d589230_0 .net "Bcd_in", 19 0, v0x56881d5a78f0_0;  alias, 1 drivers
v0x56881d584890_0 .net *"_ivl_10", 31 0, L_0x56881d5ab280;  1 drivers
L_0x7073c42ce018 .functor BUFT 1, C4<0000000000000000000000000000>, C4<0>, C4<0>, C4<0>;
v0x56881d583830_0 .net *"_ivl_13", 27 0, L_0x7073c42ce018;  1 drivers
L_0x7073c42ce060 .functor BUFT 1, C4<00000000000000000000000000000101>, C4<0>, C4<0>, C4<0>;
v0x56881d584140_0 .net/2u *"_ivl_14", 31 0, L_0x7073c42ce060;  1 drivers
v0x56881d57dfd0_0 .net *"_ivl_16", 0 0, L_0x56881d5bb3a0;  1 drivers
L_0x7073c42ce0a8 .functor BUFT 1, C4<0011>, C4<0>, C4<0>, C4<0>;
v0x56881d5a3620_0 .net/2u *"_ivl_18", 3 0, L_0x7073c42ce0a8;  1 drivers
v0x56881d5a3700_0 .net *"_ivl_20", 3 0, L_0x56881d5bb510;  1 drivers
v0x56881d5a37e0_0 .net *"_ivl_24", 31 0, L_0x56881d5bb770;  1 drivers
L_0x7073c42ce0f0 .functor BUFT 1, C4<0000000000000000000000000000>, C4<0>, C4<0>, C4<0>;
v0x56881d5a38c0_0 .net *"_ivl_27", 27 0, L_0x7073c42ce0f0;  1 drivers
L_0x7073c42ce138 .functor BUFT 1, C4<00000000000000000000000000000101>, C4<0>, C4<0>, C4<0>;
v0x56881d5a39a0_0 .net/2u *"_ivl_28", 31 0, L_0x7073c42ce138;  1 drivers
v0x56881d5a3a80_0 .net *"_ivl_30", 0 0, L_0x56881d5bb910;  1 drivers
L_0x7073c42ce180 .functor BUFT 1, C4<0011>, C4<0>, C4<0>, C4<0>;
v0x56881d5a3b40_0 .net/2u *"_ivl_32", 3 0, L_0x7073c42ce180;  1 drivers
v0x56881d5a3c20_0 .net *"_ivl_34", 3 0, L_0x56881d5bba50;  1 drivers
v0x56881d5a3d00_0 .net *"_ivl_38", 31 0, L_0x56881d5bbd30;  1 drivers
L_0x7073c42ce1c8 .functor BUFT 1, C4<0000000000000000000000000000>, C4<0>, C4<0>, C4<0>;
v0x56881d5a3de0_0 .net *"_ivl_41", 27 0, L_0x7073c42ce1c8;  1 drivers
L_0x7073c42ce210 .functor BUFT 1, C4<00000000000000000000000000000101>, C4<0>, C4<0>, C4<0>;
v0x56881d5a3ec0_0 .net/2u *"_ivl_42", 31 0, L_0x7073c42ce210;  1 drivers
v0x56881d5a3fa0_0 .net *"_ivl_44", 0 0, L_0x56881d5bbef0;  1 drivers
L_0x7073c42ce258 .functor BUFT 1, C4<0011>, C4<0>, C4<0>, C4<0>;
v0x56881d5a4060_0 .net/2u *"_ivl_46", 3 0, L_0x7073c42ce258;  1 drivers
v0x56881d5a4140_0 .net *"_ivl_48", 3 0, L_0x56881d5bc0c0;  1 drivers
v0x56881d5a4220_0 .net *"_ivl_52", 31 0, L_0x56881d5bc370;  1 drivers
L_0x7073c42ce2a0 .functor BUFT 1, C4<0000000000000000000000000000>, C4<0>, C4<0>, C4<0>;
v0x56881d5a4300_0 .net *"_ivl_55", 27 0, L_0x7073c42ce2a0;  1 drivers
L_0x7073c42ce2e8 .functor BUFT 1, C4<00000000000000000000000000000101>, C4<0>, C4<0>, C4<0>;
v0x56881d5a43e0_0 .net/2u *"_ivl_56", 31 0, L_0x7073c42ce2e8;  1 drivers
v0x56881d5a44c0_0 .net *"_ivl_58", 0 0, L_0x56881d5bc550;  1 drivers
L_0x7073c42ce330 .functor BUFT 1, C4<0011>, C4<0>, C4<0>, C4<0>;
v0x56881d5a4580_0 .net/2u *"_ivl_60", 3 0, L_0x7073c42ce330;  1 drivers
v0x56881d5a4660_0 .net *"_ivl_62", 3 0, L_0x56881d5bc690;  1 drivers
v0x56881d5a4740_0 .net *"_ivl_66", 31 0, L_0x56881d5bc880;  1 drivers
L_0x7073c42ce378 .functor BUFT 1, C4<0000000000000000000000000000>, C4<0>, C4<0>, C4<0>;
v0x56881d5a4820_0 .net *"_ivl_69", 27 0, L_0x7073c42ce378;  1 drivers
L_0x7073c42ce3c0 .functor BUFT 1, C4<00000000000000000000000000000101>, C4<0>, C4<0>, C4<0>;
v0x56881d5a4900_0 .net/2u *"_ivl_70", 31 0, L_0x7073c42ce3c0;  1 drivers
v0x56881d5a49e0_0 .net *"_ivl_72", 0 0, L_0x56881d5bca80;  1 drivers
L_0x7073c42ce408 .functor BUFT 1, C4<0011>, C4<0>, C4<0>, C4<0>;
v0x56881d5a4aa0_0 .net/2u *"_ivl_74", 3 0, L_0x7073c42ce408;  1 drivers
v0x56881d5a4b80_0 .net *"_ivl_76", 3 0, L_0x56881d5bcbc0;  1 drivers
v0x56881d5a4c60_0 .net "cent_fix", 3 0, L_0x56881d5bc1f0;  1 drivers
v0x56881d5a4d40_0 .net "cent_in", 3 0, L_0x56881d5aafe0;  1 drivers
v0x56881d5a4e20_0 .net "dec_mil_fix", 3 0, L_0x56881d5bcd80;  1 drivers
v0x56881d5a4f00_0 .net "dec_mil_in", 3 0, L_0x56881d5ab1b0;  1 drivers
v0x56881d5a4fe0_0 .net "decs_fix", 3 0, L_0x56881d5bbbb0;  1 drivers
v0x56881d5a50c0_0 .net "decs_in", 3 0, L_0x56881d5aaf10;  1 drivers
v0x56881d5a51a0_0 .net "mil_fix", 3 0, L_0x56881d5bc460;  1 drivers
v0x56881d5a5280_0 .net "mil_in", 3 0, L_0x56881d5ab0b0;  1 drivers
v0x56881d5a5360_0 .net "unit_fix", 3 0, L_0x56881d5bb680;  1 drivers
v0x56881d5a5440_0 .net "unit_in", 3 0, L_0x56881d5aadb0;  1 drivers
L_0x56881d5aadb0 .part v0x56881d5a78f0_0, 0, 4;
L_0x56881d5aaf10 .part v0x56881d5a78f0_0, 4, 4;
L_0x56881d5aafe0 .part v0x56881d5a78f0_0, 8, 4;
L_0x56881d5ab0b0 .part v0x56881d5a78f0_0, 12, 4;
L_0x56881d5ab1b0 .part v0x56881d5a78f0_0, 16, 4;
L_0x56881d5ab280 .concat [ 4 28 0 0], L_0x56881d5aadb0, L_0x7073c42ce018;
L_0x56881d5bb3a0 .cmp/ge 32, L_0x56881d5ab280, L_0x7073c42ce060;
L_0x56881d5bb510 .arith/sum 4, L_0x56881d5aadb0, L_0x7073c42ce0a8;
L_0x56881d5bb680 .functor MUXZ 4, L_0x56881d5aadb0, L_0x56881d5bb510, L_0x56881d5bb3a0, C4<>;
L_0x56881d5bb770 .concat [ 4 28 0 0], L_0x56881d5aaf10, L_0x7073c42ce0f0;
L_0x56881d5bb910 .cmp/ge 32, L_0x56881d5bb770, L_0x7073c42ce138;
L_0x56881d5bba50 .arith/sum 4, L_0x56881d5aaf10, L_0x7073c42ce180;
L_0x56881d5bbbb0 .functor MUXZ 4, L_0x56881d5aaf10, L_0x56881d5bba50, L_0x56881d5bb910, C4<>;
L_0x56881d5bbd30 .concat [ 4 28 0 0], L_0x56881d5aafe0, L_0x7073c42ce1c8;
L_0x56881d5bbef0 .cmp/ge 32, L_0x56881d5bbd30, L_0x7073c42ce210;
L_0x56881d5bc0c0 .arith/sum 4, L_0x56881d5aafe0, L_0x7073c42ce258;
L_0x56881d5bc1f0 .functor MUXZ 4, L_0x56881d5aafe0, L_0x56881d5bc0c0, L_0x56881d5bbef0, C4<>;
L_0x56881d5bc370 .concat [ 4 28 0 0], L_0x56881d5ab0b0, L_0x7073c42ce2a0;
L_0x56881d5bc550 .cmp/ge 32, L_0x56881d5bc370, L_0x7073c42ce2e8;
L_0x56881d5bc690 .arith/sum 4, L_0x56881d5ab0b0, L_0x7073c42ce330;
L_0x56881d5bc460 .functor MUXZ 4, L_0x56881d5ab0b0, L_0x56881d5bc690, L_0x56881d5bc550, C4<>;
L_0x56881d5bc880 .concat [ 4 28 0 0], L_0x56881d5ab1b0, L_0x7073c42ce378;
L_0x56881d5bca80 .cmp/ge 32, L_0x56881d5bc880, L_0x7073c42ce3c0;
L_0x56881d5bcbc0 .arith/sum 4, L_0x56881d5ab1b0, L_0x7073c42ce408;
L_0x56881d5bcd80 .functor MUXZ 4, L_0x56881d5ab1b0, L_0x56881d5bcbc0, L_0x56881d5bca80, C4<>;
LS_0x56881d5bcf00_0_0 .concat [ 4 4 4 4], L_0x56881d5bb680, L_0x56881d5bbbb0, L_0x56881d5bc1f0, L_0x56881d5bc460;
LS_0x56881d5bcf00_0_4 .concat [ 4 0 0 0], L_0x56881d5bcd80;
L_0x56881d5bcf00 .concat [ 16 4 0 0], LS_0x56881d5bcf00_0_0, LS_0x56881d5bcf00_0_4;
S_0x56881d5a5580 .scope module, "u_cont" "cont_shift" 3 48, 5 2 0, S_0x56881d53fb20;
 .timescale -9 -12;
    .port_info 0 /INPUT 1 "clk";
    .port_info 1 /INPUT 1 "rst";
    .port_info 2 /INPUT 1 "init";
    .port_info 3 /INPUT 1 "decr";
    .port_info 4 /OUTPUT 4 "Cont";
    .port_info 5 /OUTPUT 1 "done";
P_0x56881d587a80 .param/l "INIT_VAL" 1 5 13, +C4<000000000000000000000000000001111>;
P_0x56881d587ac0 .param/l "N_SHIFTS" 0 5 3, +C4<00000000000000000000000000010000>;
P_0x56881d587b00 .param/l "W" 1 5 12, +C4<00000000000000000000000000000100>;
v0x56881d5a5920_0 .var "Cont", 3 0;
v0x56881d5a5a20_0 .net *"_ivl_0", 31 0, L_0x56881d5bd900;  1 drivers
L_0x7073c42ce4e0 .functor BUFT 1, C4<0000000000000000000000000000>, C4<0>, C4<0>, C4<0>;
v0x56881d5a5b00_0 .net *"_ivl_3", 27 0, L_0x7073c42ce4e0;  1 drivers
L_0x7073c42ce528 .functor BUFT 1, C4<00000000000000000000000000000000>, C4<0>, C4<0>, C4<0>;
v0x56881d5a5bf0_0 .net/2u *"_ivl_4", 31 0, L_0x7073c42ce528;  1 drivers
v0x56881d5a5cd0_0 .net "clk", 0 0, v0x56881d5aa2e0_0;  alias, 1 drivers
v0x56881d5a5de0_0 .net "decr", 0 0, L_0x56881d5bd7c0;  alias, 1 drivers
v0x56881d5a5ea0_0 .net "done", 0 0, L_0x56881d5bda40;  alias, 1 drivers
v0x56881d5a5f60_0 .net "init", 0 0, v0x56881d5a6dc0_0;  alias, 1 drivers
v0x56881d5a6020_0 .net "rst", 0 0, v0x56881d5aa760_0;  alias, 1 drivers
E_0x56881d531310 .event posedge, v0x56881d5a5cd0_0;
L_0x56881d5bd900 .concat [ 4 28 0 0], v0x56881d5a5920_0, L_0x7073c42ce4e0;
L_0x56881d5bda40 .cmp/eq 32, L_0x56881d5bd900, L_0x7073c42ce528;
S_0x56881d5a61a0 .scope module, "u_fsm" "bin2bcd_fsm" 3 34, 6 1 0, S_0x56881d53fb20;
 .timescale -9 -12;
    .port_info 0 /INPUT 1 "clk";
    .port_info 1 /INPUT 1 "rst";
    .port_info 2 /INPUT 1 "start";
    .port_info 3 /INPUT 1 "done";
    .port_info 4 /OUTPUT 1 "load_bin";
    .port_info 5 /OUTPUT 1 "init";
    .port_info 6 /OUTPUT 1 "en_calc";
    .port_info 7 /OUTPUT 1 "decr";
    .port_info 8 /OUTPUT 1 "load_out";
    .port_info 9 /OUTPUT 1 "ready";
P_0x56881d5a6330 .param/l "S_CALC" 1 6 17, C4<011>;
P_0x56881d5a6370 .param/l "S_DONE" 1 6 18, C4<100>;
P_0x56881d5a63b0 .param/l "S_IDLE" 1 6 14, C4<000>;
P_0x56881d5a63f0 .param/l "S_INIT" 1 6 15, C4<001>;
P_0x56881d5a6430 .param/l "S_OUT" 1 6 19, C4<101>;
P_0x56881d5a6470 .param/l "S_WAIT" 1 6 16, C4<010>;
L_0x7073c42ce450 .functor BUFT 1, C4<011>, C4<0>, C4<0>, C4<0>;
v0x56881d5a6880_0 .net/2u *"_ivl_0", 2 0, L_0x7073c42ce450;  1 drivers
L_0x7073c42ce498 .functor BUFT 1, C4<011>, C4<0>, C4<0>, C4<0>;
v0x56881d5a6980_0 .net/2u *"_ivl_4", 2 0, L_0x7073c42ce498;  1 drivers
v0x56881d5a6a60_0 .net "clk", 0 0, v0x56881d5aa2e0_0;  alias, 1 drivers
v0x56881d5a6b60_0 .net "decr", 0 0, L_0x56881d5bd7c0;  alias, 1 drivers
v0x56881d5a6c30_0 .net "done", 0 0, L_0x56881d5bda40;  alias, 1 drivers
v0x56881d5a6d20_0 .net "en_calc", 0 0, L_0x56881d5bd580;  alias, 1 drivers
v0x56881d5a6dc0_0 .var "init", 0 0;
v0x56881d5a6e90_0 .var "load_bin", 0 0;
v0x56881d5a6f30_0 .var "load_out", 0 0;
v0x56881d5a6fd0_0 .var "ready", 0 0;
v0x56881d5a7070_0 .net "rst", 0 0, v0x56881d5aa760_0;  alias, 1 drivers
v0x56881d5a7140_0 .net "start", 0 0, v0x56881d5aa800_0;  alias, 1 drivers
v0x56881d5a71e0_0 .var "state", 2 0;
v0x56881d5a72a0_0 .var "state_name", 320 1;
E_0x56881d563470 .event anyedge, v0x56881d5a71e0_0;
L_0x56881d5bd580 .cmp/eq 3, v0x56881d5a71e0_0, L_0x7073c42ce450;
L_0x56881d5bd7c0 .cmp/eq 3, v0x56881d5a71e0_0, L_0x7073c42ce498;
S_0x56881d5a7520 .scope module, "u_reg_bcd" "reg_bcd" 3 68, 7 2 0, S_0x56881d53fb20;
 .timescale -9 -12;
    .port_info 0 /INPUT 1 "clk";
    .port_info 1 /INPUT 1 "rst";
    .port_info 2 /INPUT 1 "init";
    .port_info 3 /INPUT 1 "en_calc";
    .port_info 4 /INPUT 20 "Bcd_next";
    .port_info 5 /OUTPUT 20 "Bcd";
P_0x56881d5a76b0 .param/l "WIDTH_BCD" 0 7 3, +C4<00000000000000000000000000010100>;
v0x56881d5a78f0_0 .var "Bcd", 19 0;
v0x56881d5a7a00_0 .net "Bcd_next", 19 0, L_0x56881d5bd3f0;  alias, 1 drivers
v0x56881d5a7ac0_0 .net "clk", 0 0, v0x56881d5aa2e0_0;  alias, 1 drivers
v0x56881d5a7be0_0 .net "en_calc", 0 0, L_0x56881d5bd580;  alias, 1 drivers
v0x56881d5a7c80_0 .net "init", 0 0, v0x56881d5a6dc0_0;  alias, 1 drivers
v0x56881d5a7dc0_0 .net "rst", 0 0, v0x56881d5aa760_0;  alias, 1 drivers
S_0x56881d5a7f70 .scope module, "u_reg_bin" "reg_bin" 3 59, 8 2 0, S_0x56881d53fb20;
 .timescale -9 -12;
    .port_info 0 /INPUT 1 "clk";
    .port_info 1 /INPUT 1 "rst";
    .port_info 2 /INPUT 1 "load_bin";
    .port_info 3 /INPUT 1 "en_calc";
    .port_info 4 /INPUT 16 "Bin_in";
    .port_info 5 /OUTPUT 16 "Bin";
P_0x56881d5a81a0 .param/l "WIDTH_BIN" 0 8 3, +C4<00000000000000000000000000010000>;
v0x56881d5a82e0_0 .var "Bin", 15 0;
v0x56881d5a83e0_0 .net "Bin_in", 15 0, v0x56881d5aa130_0;  alias, 1 drivers
v0x56881d5a84c0_0 .net "clk", 0 0, v0x56881d5aa2e0_0;  alias, 1 drivers
v0x56881d5a8560_0 .net "en_calc", 0 0, L_0x56881d5bd580;  alias, 1 drivers
v0x56881d5a8650_0 .net "load_bin", 0 0, v0x56881d5a6e90_0;  alias, 1 drivers
v0x56881d5a8740_0 .net "rst", 0 0, v0x56881d5aa760_0;  alias, 1 drivers
S_0x56881d5a88a0 .scope module, "u_reg_out" "reg_bcd_out" 3 79, 9 2 0, S_0x56881d53fb20;
 .timescale -9 -12;
    .port_info 0 /INPUT 1 "clk";
    .port_info 1 /INPUT 1 "rst";
    .port_info 2 /INPUT 1 "load_out";
    .port_info 3 /INPUT 20 "Bcd";
    .port_info 4 /OUTPUT 20 "Result";
P_0x56881d5a8a80 .param/l "WIDTH_BCD" 0 9 3, +C4<00000000000000000000000000010100>;
v0x56881d5a8b20_0 .net "Bcd", 19 0, v0x56881d5a78f0_0;  alias, 1 drivers
v0x56881d5a8c50_0 .var "Result", 19 0;
v0x56881d5a8d30_0 .net "clk", 0 0, v0x56881d5aa2e0_0;  alias, 1 drivers
v0x56881d5a8dd0_0 .net "load_out", 0 0, v0x56881d5a6f30_0;  alias, 1 drivers
v0x56881d5a8e70_0 .net "rst", 0 0, v0x56881d5aa760_0;  alias, 1 drivers
    .scope S_0x56881d5a61a0;
T_0 ;
    %pushi/vec4 0, 0, 1;
    %store/vec4 v0x56881d5a6e90_0, 0, 1;
    %pushi/vec4 0, 0, 1;
    %store/vec4 v0x56881d5a6dc0_0, 0, 1;
    %pushi/vec4 0, 0, 1;
    %store/vec4 v0x56881d5a6f30_0, 0, 1;
    %pushi/vec4 0, 0, 1;
    %store/vec4 v0x56881d5a6fd0_0, 0, 1;
    %pushi/vec4 0, 0, 3;
    %store/vec4 v0x56881d5a71e0_0, 0, 3;
    %end;
    .thread T_0;
    .scope S_0x56881d5a61a0;
T_1 ;
    %wait E_0x56881d531310;
    %load/vec4 v0x56881d5a7070_0;
    %flag_set/vec4 8;
    %jmp/0xz  T_1.0, 8;
    %pushi/vec4 0, 0, 3;
    %assign/vec4 v0x56881d5a71e0_0, 0;
    %pushi/vec4 0, 0, 1;
    %assign/vec4 v0x56881d5a6e90_0, 0;
    %pushi/vec4 0, 0, 1;
    %assign/vec4 v0x56881d5a6dc0_0, 0;
    %pushi/vec4 0, 0, 1;
    %assign/vec4 v0x56881d5a6f30_0, 0;
    %pushi/vec4 0, 0, 1;
    %assign/vec4 v0x56881d5a6fd0_0, 0;
    %jmp T_1.1;
T_1.0 ;
    %load/vec4 v0x56881d5a71e0_0;
    %dup/vec4;
    %pushi/vec4 0, 0, 3;
    %cmp/u;
    %jmp/1 T_1.2, 6;
    %dup/vec4;
    %pushi/vec4 1, 0, 3;
    %cmp/u;
    %jmp/1 T_1.3, 6;
    %dup/vec4;
    %pushi/vec4 2, 0, 3;
    %cmp/u;
    %jmp/1 T_1.4, 6;
    %dup/vec4;
    %pushi/vec4 3, 0, 3;
    %cmp/u;
    %jmp/1 T_1.5, 6;
    %dup/vec4;
    %pushi/vec4 4, 0, 3;
    %cmp/u;
    %jmp/1 T_1.6, 6;
    %dup/vec4;
    %pushi/vec4 5, 0, 3;
    %cmp/u;
    %jmp/1 T_1.7, 6;
    %pushi/vec4 0, 0, 3;
    %assign/vec4 v0x56881d5a71e0_0, 0;
    %jmp T_1.9;
T_1.2 ;
    %pushi/vec4 0, 0, 1;
    %assign/vec4 v0x56881d5a6e90_0, 0;
    %pushi/vec4 0, 0, 1;
    %assign/vec4 v0x56881d5a6dc0_0, 0;
    %pushi/vec4 0, 0, 1;
    %assign/vec4 v0x56881d5a6f30_0, 0;
    %pushi/vec4 0, 0, 1;
    %assign/vec4 v0x56881d5a6fd0_0, 0;
    %load/vec4 v0x56881d5a7140_0;
    %flag_set/vec4 8;
    %jmp/0xz  T_1.10, 8;
    %pushi/vec4 1, 0, 3;
    %assign/vec4 v0x56881d5a71e0_0, 0;
    %jmp T_1.11;
T_1.10 ;
    %pushi/vec4 0, 0, 3;
    %assign/vec4 v0x56881d5a71e0_0, 0;
T_1.11 ;
    %jmp T_1.9;
T_1.3 ;
    %pushi/vec4 1, 0, 1;
    %assign/vec4 v0x56881d5a6e90_0, 0;
    %pushi/vec4 1, 0, 1;
    %assign/vec4 v0x56881d5a6dc0_0, 0;
    %pushi/vec4 0, 0, 1;
    %assign/vec4 v0x56881d5a6f30_0, 0;
    %pushi/vec4 0, 0, 1;
    %assign/vec4 v0x56881d5a6fd0_0, 0;
    %pushi/vec4 2, 0, 3;
    %assign/vec4 v0x56881d5a71e0_0, 0;
    %jmp T_1.9;
T_1.4 ;
    %pushi/vec4 0, 0, 1;
    %assign/vec4 v0x56881d5a6e90_0, 0;
    %pushi/vec4 0, 0, 1;
    %assign/vec4 v0x56881d5a6dc0_0, 0;
    %pushi/vec4 0, 0, 1;
    %assign/vec4 v0x56881d5a6f30_0, 0;
    %pushi/vec4 0, 0, 1;
    %assign/vec4 v0x56881d5a6fd0_0, 0;
    %pushi/vec4 3, 0, 3;
    %assign/vec4 v0x56881d5a71e0_0, 0;
    %jmp T_1.9;
T_1.5 ;
    %pushi/vec4 0, 0, 1;
    %assign/vec4 v0x56881d5a6e90_0, 0;
    %pushi/vec4 0, 0, 1;
    %assign/vec4 v0x56881d5a6dc0_0, 0;
    %pushi/vec4 0, 0, 1;
    %assign/vec4 v0x56881d5a6f30_0, 0;
    %pushi/vec4 0, 0, 1;
    %assign/vec4 v0x56881d5a6fd0_0, 0;
    %load/vec4 v0x56881d5a6c30_0;
    %flag_set/vec4 8;
    %jmp/0xz  T_1.12, 8;
    %pushi/vec4 4, 0, 3;
    %assign/vec4 v0x56881d5a71e0_0, 0;
    %jmp T_1.13;
T_1.12 ;
    %pushi/vec4 3, 0, 3;
    %assign/vec4 v0x56881d5a71e0_0, 0;
T_1.13 ;
    %jmp T_1.9;
T_1.6 ;
    %pushi/vec4 0, 0, 1;
    %assign/vec4 v0x56881d5a6e90_0, 0;
    %pushi/vec4 0, 0, 1;
    %assign/vec4 v0x56881d5a6dc0_0, 0;
    %pushi/vec4 1, 0, 1;
    %assign/vec4 v0x56881d5a6f30_0, 0;
    %pushi/vec4 0, 0, 1;
    %assign/vec4 v0x56881d5a6fd0_0, 0;
    %pushi/vec4 5, 0, 3;
    %assign/vec4 v0x56881d5a71e0_0, 0;
    %jmp T_1.9;
T_1.7 ;
    %pushi/vec4 0, 0, 1;
    %assign/vec4 v0x56881d5a6e90_0, 0;
    %pushi/vec4 0, 0, 1;
    %assign/vec4 v0x56881d5a6dc0_0, 0;
    %pushi/vec4 0, 0, 1;
    %assign/vec4 v0x56881d5a6f30_0, 0;
    %pushi/vec4 1, 0, 1;
    %assign/vec4 v0x56881d5a6fd0_0, 0;
    %pushi/vec4 0, 0, 3;
    %assign/vec4 v0x56881d5a71e0_0, 0;
    %jmp T_1.9;
T_1.9 ;
    %pop/vec4 1;
T_1.1 ;
    %jmp T_1;
    .thread T_1;
    .scope S_0x56881d5a61a0;
T_2 ;
    %wait E_0x56881d563470;
    %load/vec4 v0x56881d5a71e0_0;
    %dup/vec4;
    %pushi/vec4 0, 0, 3;
    %cmp/u;
    %jmp/1 T_2.0, 6;
    %dup/vec4;
    %pushi/vec4 1, 0, 3;
    %cmp/u;
    %jmp/1 T_2.1, 6;
    %dup/vec4;
    %pushi/vec4 2, 0, 3;
    %cmp/u;
    %jmp/1 T_2.2, 6;
    %dup/vec4;
    %pushi/vec4 3, 0, 3;
    %cmp/u;
    %jmp/1 T_2.3, 6;
    %dup/vec4;
    %pushi/vec4 4, 0, 3;
    %cmp/u;
    %jmp/1 T_2.4, 6;
    %dup/vec4;
    %pushi/vec4 5, 0, 3;
    %cmp/u;
    %jmp/1 T_2.5, 6;
    %jmp T_2.6;
T_2.0 ;
    %pushi/vec4 0, 0, 32; draw_string_vec4
    %pushi/vec4 0, 0, 32; draw_string_vec4
    %concat/vec4; draw_string_vec4
    %pushi/vec4 0, 0, 32; draw_string_vec4
    %concat/vec4; draw_string_vec4
    %pushi/vec4 0, 0, 32; draw_string_vec4
    %concat/vec4; draw_string_vec4
    %pushi/vec4 0, 0, 32; draw_string_vec4
    %concat/vec4; draw_string_vec4
    %pushi/vec4 0, 0, 32; draw_string_vec4
    %concat/vec4; draw_string_vec4
    %pushi/vec4 0, 0, 32; draw_string_vec4
    %concat/vec4; draw_string_vec4
    %pushi/vec4 0, 0, 32; draw_string_vec4
    %concat/vec4; draw_string_vec4
    %pushi/vec4 0, 0, 32; draw_string_vec4
    %concat/vec4; draw_string_vec4
    %pushi/vec4 1229212741, 0, 32; draw_string_vec4
    %concat/vec4; draw_string_vec4
    %store/vec4 v0x56881d5a72a0_0, 0, 320;
    %jmp T_2.6;
T_2.1 ;
    %pushi/vec4 0, 0, 32; draw_string_vec4
    %pushi/vec4 0, 0, 32; draw_string_vec4
    %concat/vec4; draw_string_vec4
    %pushi/vec4 0, 0, 32; draw_string_vec4
    %concat/vec4; draw_string_vec4
    %pushi/vec4 0, 0, 32; draw_string_vec4
    %concat/vec4; draw_string_vec4
    %pushi/vec4 0, 0, 32; draw_string_vec4
    %concat/vec4; draw_string_vec4
    %pushi/vec4 0, 0, 32; draw_string_vec4
    %concat/vec4; draw_string_vec4
    %pushi/vec4 0, 0, 32; draw_string_vec4
    %concat/vec4; draw_string_vec4
    %pushi/vec4 0, 0, 32; draw_string_vec4
    %concat/vec4; draw_string_vec4
    %pushi/vec4 0, 0, 32; draw_string_vec4
    %concat/vec4; draw_string_vec4
    %pushi/vec4 1229867348, 0, 32; draw_string_vec4
    %concat/vec4; draw_string_vec4
    %store/vec4 v0x56881d5a72a0_0, 0, 320;
    %jmp T_2.6;
T_2.2 ;
    %pushi/vec4 0, 0, 32; draw_string_vec4
    %pushi/vec4 0, 0, 32; draw_string_vec4
    %concat/vec4; draw_string_vec4
    %pushi/vec4 0, 0, 32; draw_string_vec4
    %concat/vec4; draw_string_vec4
    %pushi/vec4 0, 0, 32; draw_string_vec4
    %concat/vec4; draw_string_vec4
    %pushi/vec4 0, 0, 32; draw_string_vec4
    %concat/vec4; draw_string_vec4
    %pushi/vec4 0, 0, 32; draw_string_vec4
    %concat/vec4; draw_string_vec4
    %pushi/vec4 0, 0, 32; draw_string_vec4
    %concat/vec4; draw_string_vec4
    %pushi/vec4 0, 0, 32; draw_string_vec4
    %concat/vec4; draw_string_vec4
    %pushi/vec4 0, 0, 32; draw_string_vec4
    %concat/vec4; draw_string_vec4
    %pushi/vec4 1463896404, 0, 32; draw_string_vec4
    %concat/vec4; draw_string_vec4
    %store/vec4 v0x56881d5a72a0_0, 0, 320;
    %jmp T_2.6;
T_2.3 ;
    %pushi/vec4 0, 0, 32; draw_string_vec4
    %pushi/vec4 0, 0, 32; draw_string_vec4
    %concat/vec4; draw_string_vec4
    %pushi/vec4 0, 0, 32; draw_string_vec4
    %concat/vec4; draw_string_vec4
    %pushi/vec4 0, 0, 32; draw_string_vec4
    %concat/vec4; draw_string_vec4
    %pushi/vec4 0, 0, 32; draw_string_vec4
    %concat/vec4; draw_string_vec4
    %pushi/vec4 0, 0, 32; draw_string_vec4
    %concat/vec4; draw_string_vec4
    %pushi/vec4 0, 0, 32; draw_string_vec4
    %concat/vec4; draw_string_vec4
    %pushi/vec4 0, 0, 32; draw_string_vec4
    %concat/vec4; draw_string_vec4
    %pushi/vec4 0, 0, 32; draw_string_vec4
    %concat/vec4; draw_string_vec4
    %pushi/vec4 1128352835, 0, 32; draw_string_vec4
    %concat/vec4; draw_string_vec4
    %store/vec4 v0x56881d5a72a0_0, 0, 320;
    %jmp T_2.6;
T_2.4 ;
    %pushi/vec4 0, 0, 32; draw_string_vec4
    %pushi/vec4 0, 0, 32; draw_string_vec4
    %concat/vec4; draw_string_vec4
    %pushi/vec4 0, 0, 32; draw_string_vec4
    %concat/vec4; draw_string_vec4
    %pushi/vec4 0, 0, 32; draw_string_vec4
    %concat/vec4; draw_string_vec4
    %pushi/vec4 0, 0, 32; draw_string_vec4
    %concat/vec4; draw_string_vec4
    %pushi/vec4 0, 0, 32; draw_string_vec4
    %concat/vec4; draw_string_vec4
    %pushi/vec4 0, 0, 32; draw_string_vec4
    %concat/vec4; draw_string_vec4
    %pushi/vec4 0, 0, 32; draw_string_vec4
    %concat/vec4; draw_string_vec4
    %pushi/vec4 0, 0, 32; draw_string_vec4
    %concat/vec4; draw_string_vec4
    %pushi/vec4 1146048069, 0, 32; draw_string_vec4
    %concat/vec4; draw_string_vec4
    %store/vec4 v0x56881d5a72a0_0, 0, 320;
    %jmp T_2.6;
T_2.5 ;
    %pushi/vec4 0, 0, 32; draw_string_vec4
    %pushi/vec4 0, 0, 32; draw_string_vec4
    %concat/vec4; draw_string_vec4
    %pushi/vec4 0, 0, 32; draw_string_vec4
    %concat/vec4; draw_string_vec4
    %pushi/vec4 0, 0, 32; draw_string_vec4
    %concat/vec4; draw_string_vec4
    %pushi/vec4 0, 0, 32; draw_string_vec4
    %concat/vec4; draw_string_vec4
    %pushi/vec4 0, 0, 32; draw_string_vec4
    %concat/vec4; draw_string_vec4
    %pushi/vec4 0, 0, 32; draw_string_vec4
    %concat/vec4; draw_string_vec4
    %pushi/vec4 0, 0, 32; draw_string_vec4
    %concat/vec4; draw_string_vec4
    %pushi/vec4 0, 0, 32; draw_string_vec4
    %concat/vec4; draw_string_vec4
    %pushi/vec4 5199188, 0, 32; draw_string_vec4
    %concat/vec4; draw_string_vec4
    %store/vec4 v0x56881d5a72a0_0, 0, 320;
    %jmp T_2.6;
T_2.6 ;
    %pop/vec4 1;
    %jmp T_2;
    .thread T_2, $push;
    .scope S_0x56881d5a5580;
T_3 ;
    %wait E_0x56881d531310;
    %load/vec4 v0x56881d5a6020_0;
    %flag_set/vec4 8;
    %jmp/0xz  T_3.0, 8;
    %pushi/vec4 0, 0, 4;
    %assign/vec4 v0x56881d5a5920_0, 0;
    %jmp T_3.1;
T_3.0 ;
    %load/vec4 v0x56881d5a5f60_0;
    %flag_set/vec4 8;
    %jmp/0xz  T_3.2, 8;
    %pushi/vec4 15, 0, 4;
    %assign/vec4 v0x56881d5a5920_0, 0;
    %jmp T_3.3;
T_3.2 ;
    %load/vec4 v0x56881d5a5de0_0;
    %flag_set/vec4 9;
    %flag_get/vec4 9;
    %jmp/0 T_3.6, 9;
    %load/vec4 v0x56881d5a5920_0;
    %pad/u 32;
    %pushi/vec4 0, 0, 32;
    %cmp/ne;
    %flag_get/vec4 4;
    %and;
T_3.6;
    %flag_set/vec4 8;
    %jmp/0xz  T_3.4, 8;
    %load/vec4 v0x56881d5a5920_0;
    %subi 1, 0, 4;
    %assign/vec4 v0x56881d5a5920_0, 0;
T_3.4 ;
T_3.3 ;
T_3.1 ;
    %jmp T_3;
    .thread T_3;
    .scope S_0x56881d5a7f70;
T_4 ;
    %wait E_0x56881d531310;
    %load/vec4 v0x56881d5a8740_0;
    %flag_set/vec4 8;
    %jmp/0xz  T_4.0, 8;
    %pushi/vec4 0, 0, 16;
    %assign/vec4 v0x56881d5a82e0_0, 0;
    %jmp T_4.1;
T_4.0 ;
    %load/vec4 v0x56881d5a8650_0;
    %flag_set/vec4 8;
    %jmp/0xz  T_4.2, 8;
    %load/vec4 v0x56881d5a83e0_0;
    %assign/vec4 v0x56881d5a82e0_0, 0;
    %jmp T_4.3;
T_4.2 ;
    %load/vec4 v0x56881d5a8560_0;
    %flag_set/vec4 8;
    %jmp/0xz  T_4.4, 8;
    %load/vec4 v0x56881d5a82e0_0;
    %parti/s 15, 0, 2;
    %concati/vec4 0, 0, 1;
    %assign/vec4 v0x56881d5a82e0_0, 0;
T_4.4 ;
T_4.3 ;
T_4.1 ;
    %jmp T_4;
    .thread T_4;
    .scope S_0x56881d5a7520;
T_5 ;
    %wait E_0x56881d531310;
    %load/vec4 v0x56881d5a7dc0_0;
    %flag_set/vec4 8;
    %jmp/0xz  T_5.0, 8;
    %pushi/vec4 0, 0, 20;
    %assign/vec4 v0x56881d5a78f0_0, 0;
    %jmp T_5.1;
T_5.0 ;
    %load/vec4 v0x56881d5a7c80_0;
    %flag_set/vec4 8;
    %jmp/0xz  T_5.2, 8;
    %pushi/vec4 0, 0, 20;
    %assign/vec4 v0x56881d5a78f0_0, 0;
    %jmp T_5.3;
T_5.2 ;
    %load/vec4 v0x56881d5a7be0_0;
    %flag_set/vec4 8;
    %jmp/0xz  T_5.4, 8;
    %load/vec4 v0x56881d5a7a00_0;
    %assign/vec4 v0x56881d5a78f0_0, 0;
T_5.4 ;
T_5.3 ;
T_5.1 ;
    %jmp T_5;
    .thread T_5;
    .scope S_0x56881d5a88a0;
T_6 ;
    %wait E_0x56881d531310;
    %load/vec4 v0x56881d5a8e70_0;
    %flag_set/vec4 8;
    %jmp/0xz  T_6.0, 8;
    %pushi/vec4 0, 0, 20;
    %assign/vec4 v0x56881d5a8c50_0, 0;
    %jmp T_6.1;
T_6.0 ;
    %load/vec4 v0x56881d5a8dd0_0;
    %flag_set/vec4 8;
    %jmp/0xz  T_6.2, 8;
    %load/vec4 v0x56881d5a8b20_0;
    %assign/vec4 v0x56881d5a8c50_0, 0;
T_6.2 ;
T_6.1 ;
    %jmp T_6;
    .thread T_6;
    .scope S_0x56881d5868e0;
T_7 ;
    %delay 5000, 0;
    %load/vec4 v0x56881d5aa2e0_0;
    %inv;
    %store/vec4 v0x56881d5aa2e0_0, 0, 1;
    %jmp T_7;
    .thread T_7;
    .scope S_0x56881d5868e0;
T_8 ;
    %vpi_call 2 42 "$dumpfile", "tb_bin2bcd.vcd" {0 0 0};
    %vpi_call 2 43 "$dumpvars", 32'sb00000000000000000000000000000000, S_0x56881d5868e0 {0 0 0};
    %pushi/vec4 0, 0, 1;
    %store/vec4 v0x56881d5aa2e0_0, 0, 1;
    %pushi/vec4 1, 0, 1;
    %store/vec4 v0x56881d5aa760_0, 0, 1;
    %pushi/vec4 0, 0, 1;
    %store/vec4 v0x56881d5aa800_0, 0, 1;
    %pushi/vec4 0, 0, 16;
    %store/vec4 v0x56881d5aa130_0, 0, 16;
    %delay 20000, 0;
    %pushi/vec4 0, 0, 1;
    %store/vec4 v0x56881d5aa760_0, 0, 1;
    %delay 10000, 0;
    %pushi/vec4 156, 0, 16;
    %store/vec4 v0x56881d5aa130_0, 0, 16;
    %pushi/vec4 1, 0, 1;
    %store/vec4 v0x56881d5aa800_0, 0, 1;
    %delay 10000, 0;
    %pushi/vec4 0, 0, 1;
    %store/vec4 v0x56881d5aa800_0, 0, 1;
    %wait E_0x56881d531310;
T_8.0 ;
    %load/vec4 v0x56881d5aa670_0;
    %cmpi/ne 1, 0, 1;
    %jmp/0xz T_8.1, 6;
    %wait E_0x56881d5672f0;
    %jmp T_8.0;
T_8.1 ;
    %wait E_0x56881d531310;
    %delay 1000, 0;
    %vpi_call 2 53 "$display", "Bin_in = 156" {0 0 0};
    %vpi_call 2 54 "$display", "BCD_out = %05H", v0x56881d5aa050_0 {0 0 0};
    %delay 20000, 0;
    %pushi/vec4 1, 0, 1;
    %store/vec4 v0x56881d5aa760_0, 0, 1;
    %delay 10000, 0;
    %pushi/vec4 0, 0, 1;
    %store/vec4 v0x56881d5aa760_0, 0, 1;
    %delay 10000, 0;
    %pushi/vec4 65535, 0, 16;
    %store/vec4 v0x56881d5aa130_0, 0, 16;
    %pushi/vec4 1, 0, 1;
    %store/vec4 v0x56881d5aa800_0, 0, 1;
    %delay 10000, 0;
    %pushi/vec4 0, 0, 1;
    %store/vec4 v0x56881d5aa800_0, 0, 1;
    %wait E_0x56881d531310;
T_8.2 ;
    %load/vec4 v0x56881d5aa670_0;
    %cmpi/ne 1, 0, 1;
    %jmp/0xz T_8.3, 6;
    %wait E_0x56881d5672f0;
    %jmp T_8.2;
T_8.3 ;
    %wait E_0x56881d531310;
    %delay 1000, 0;
    %vpi_call 2 63 "$display", "Bin_in = 65535 " {0 0 0};
    %vpi_call 2 64 "$display", "BCD_out = %05H", v0x56881d5aa050_0 {0 0 0};
    %delay 20000, 0;
    %pushi/vec4 1, 0, 1;
    %store/vec4 v0x56881d5aa760_0, 0, 1;
    %delay 10000, 0;
    %pushi/vec4 0, 0, 1;
    %store/vec4 v0x56881d5aa760_0, 0, 1;
    %delay 10000, 0;
    %pushi/vec4 10000, 0, 16;
    %store/vec4 v0x56881d5aa130_0, 0, 16;
    %pushi/vec4 1, 0, 1;
    %store/vec4 v0x56881d5aa800_0, 0, 1;
    %delay 10000, 0;
    %pushi/vec4 0, 0, 1;
    %store/vec4 v0x56881d5aa800_0, 0, 1;
    %wait E_0x56881d531310;
T_8.4 ;
    %load/vec4 v0x56881d5aa670_0;
    %cmpi/ne 1, 0, 1;
    %jmp/0xz T_8.5, 6;
    %wait E_0x56881d5672f0;
    %jmp T_8.4;
T_8.5 ;
    %wait E_0x56881d531310;
    %delay 1000, 0;
    %vpi_call 2 73 "$display", "Bin_in = 10000" {0 0 0};
    %vpi_call 2 74 "$display", "BCD_out = %05H", v0x56881d5aa050_0 {0 0 0};
    %delay 20000, 0;
    %pushi/vec4 1, 0, 1;
    %store/vec4 v0x56881d5aa760_0, 0, 1;
    %delay 10000, 0;
    %pushi/vec4 0, 0, 1;
    %store/vec4 v0x56881d5aa760_0, 0, 1;
    %end;
    .thread T_8;
# The file index is used to find the file name in the following table.
:file_names 10;
    "N/A";
    "<interactive>";
    "tb_bin2bcd.v";
    "top_bin2bcd.v";
    "add_fix.v";
    "cont_shift.v";
    "bin2bcd_fsm.v";
    "reg_bcd.v";
    "reg_bin.v";
    "reg_bcd_out.v";
