#! /usr/bin/vvp
:ivl_version "12.0 (stable)";
:ivl_delay_selection "TYPICAL";
:vpi_time_precision - 12;
:vpi_module "/usr/lib/x86_64-linux-gnu/ivl/system.vpi";
:vpi_module "/usr/lib/x86_64-linux-gnu/ivl/vhdl_sys.vpi";
:vpi_module "/usr/lib/x86_64-linux-gnu/ivl/vhdl_textio.vpi";
:vpi_module "/usr/lib/x86_64-linux-gnu/ivl/v2005_math.vpi";
:vpi_module "/usr/lib/x86_64-linux-gnu/ivl/va_math.vpi";
S_0x5b8b95292630 .scope module, "tb_sqrt" "tb_sqrt" 2 3;
 .timescale -9 -12;
P_0x5b8b952900f0 .param/l "WIDTH_N" 0 2 5, +C4<00000000000000000000000000010000>;
P_0x5b8b95290130 .param/l "WIDTH_RAD" 0 2 6, +C4<00000000000000000000000000001000>;
v0x5b8b952b5750_0 .var "N_in", 15 0;
v0x5b8b952b5880_0 .var "clk", 0 0;
v0x5b8b952b5940_0 .net "raiz", 7 0, v0x5b8b952b1530_0;  1 drivers
v0x5b8b952b5a30_0 .net "ready", 0 0, v0x5b8b952b02c0_0;  1 drivers
v0x5b8b952b5b20_0 .var "rst", 0 0;
v0x5b8b952b5c10_0 .var "start", 0 0;
E_0x5b8b95275360 .event anyedge, v0x5b8b952b02c0_0;
S_0x5b8b95254430 .scope module, "UUT" "top_sqrt" 2 16, 3 1 0, S_0x5b8b95292630;
 .timescale -9 -12;
    .port_info 0 /INPUT 1 "clk";
    .port_info 1 /INPUT 1 "rst";
    .port_info 2 /INPUT 1 "start";
    .port_info 3 /INPUT 16 "N_in";
    .port_info 4 /OUTPUT 8 "raiz";
    .port_info 5 /OUTPUT 1 "ready";
P_0x5b8b95290f90 .param/l "N_PAIRS" 0 3 5, +C4<00000000000000000000000000001000>;
P_0x5b8b95290fd0 .param/l "WIDTH_N" 0 3 2, +C4<00000000000000000000000000010000>;
P_0x5b8b95291010 .param/l "WIDTH_RAD" 0 3 3, +C4<00000000000000000000000000001000>;
P_0x5b8b95291050 .param/l "WIDTH_REM" 0 3 4, +C4<000000000000000000000000000010010>;
L_0x5b8b95293830 .functor OR 18, L_0x5b8b952c62e0, L_0x5b8b952c6460, C4<000000000000000000>, C4<000000000000000000>;
v0x5b8b952b3b80_0 .net "C", 2 0, v0x5b8b9528f5e0_0;  1 drivers
v0x5b8b952b3c70_0 .net "D_rem", 17 0, L_0x5b8b952c6f40;  1 drivers
v0x5b8b952b3d40_0 .net "N", 15 0, v0x5b8b952b0ad0_0;  1 drivers
v0x5b8b952b3e40_0 .net "N_in", 15 0, v0x5b8b952b5750_0;  1 drivers
v0x5b8b952b3f10_0 .net "Rad", 7 0, v0x5b8b952b1ab0_0;  1 drivers
v0x5b8b952b4000_0 .net "Rem", 17 0, v0x5b8b952b2480_0;  1 drivers
v0x5b8b952b40a0_0 .net "Rem_next", 17 0, L_0x5b8b952c6cc0;  1 drivers
v0x5b8b952b4170_0 .net "Rem_sh", 17 0, L_0x5b8b95293830;  1 drivers
v0x5b8b952b4240_0 .net "Trial_w", 9 0, L_0x5b8b952c66e0;  1 drivers
v0x5b8b952b4310_0 .net *"_ivl_0", 31 0, L_0x5b8b952b5d00;  1 drivers
v0x5b8b952b43d0_0 .net *"_ivl_12", 17 0, L_0x5b8b952c62e0;  1 drivers
v0x5b8b952b44b0_0 .net *"_ivl_14", 15 0, L_0x5b8b952c61f0;  1 drivers
L_0x751c8f2820a8 .functor BUFT 1, C4<00>, C4<0>, C4<0>, C4<0>;
v0x5b8b952b4590_0 .net *"_ivl_16", 1 0, L_0x751c8f2820a8;  1 drivers
L_0x751c8f2820f0 .functor BUFT 1, C4<0000000000000000>, C4<0>, C4<0>, C4<0>;
v0x5b8b952b4670_0 .net/2u *"_ivl_18", 15 0, L_0x751c8f2820f0;  1 drivers
v0x5b8b952b4750_0 .net *"_ivl_20", 17 0, L_0x5b8b952c6460;  1 drivers
L_0x751c8f282210 .functor BUFT 1, C4<00000000>, C4<0>, C4<0>, C4<0>;
v0x5b8b952b4830_0 .net/2u *"_ivl_24", 7 0, L_0x751c8f282210;  1 drivers
L_0x751c8f282018 .functor BUFT 1, C4<00000000000000000000000000000>, C4<0>, C4<0>, C4<0>;
v0x5b8b952b4910_0 .net *"_ivl_3", 28 0, L_0x751c8f282018;  1 drivers
L_0x751c8f282060 .functor BUFT 1, C4<00000000000000000000000000000010>, C4<0>, C4<0>, C4<0>;
v0x5b8b952b49f0_0 .net/2u *"_ivl_4", 31 0, L_0x751c8f282060;  1 drivers
v0x5b8b952b4ad0_0 .net *"_ivl_7", 31 0, L_0x5b8b952c5e50;  1 drivers
v0x5b8b952b4bb0_0 .net *"_ivl_8", 15 0, L_0x5b8b952c5f90;  1 drivers
v0x5b8b952b4c90_0 .net "borrow", 0 0, L_0x5b8b952c6b80;  1 drivers
v0x5b8b952b4d60_0 .net "clk", 0 0, v0x5b8b952b5880_0;  1 drivers
v0x5b8b952b4e00_0 .net "decr", 0 0, L_0x5b8b952c7310;  1 drivers
v0x5b8b952b4ea0_0 .net "done_cnt", 0 0, L_0x5b8b952c7450;  1 drivers
v0x5b8b952b4f90_0 .net "en_calc", 0 0, L_0x5b8b952c71e0;  1 drivers
v0x5b8b952b5030_0 .net "init", 0 0, v0x5b8b952b00e0_0;  1 drivers
v0x5b8b952b50d0_0 .net "load_n", 0 0, v0x5b8b952b0180_0;  1 drivers
v0x5b8b952b5170_0 .net "load_out", 0 0, v0x5b8b952b0220_0;  1 drivers
v0x5b8b952b5260_0 .net "pair", 1 0, L_0x5b8b952c60d0;  1 drivers
v0x5b8b952b5320_0 .net "raiz", 7 0, v0x5b8b952b1530_0;  alias, 1 drivers
v0x5b8b952b53e0_0 .net "ready", 0 0, v0x5b8b952b02c0_0;  alias, 1 drivers
v0x5b8b952b5480_0 .net "rst", 0 0, v0x5b8b952b5b20_0;  1 drivers
v0x5b8b952b5520_0 .net "start", 0 0, v0x5b8b952b5c10_0;  1 drivers
v0x5b8b952b55c0_0 .net "update", 0 0, L_0x5b8b952949b0;  1 drivers
L_0x5b8b952b5d00 .concat [ 3 29 0 0], v0x5b8b9528f5e0_0, L_0x751c8f282018;
L_0x5b8b952c5e50 .arith/mult 32, L_0x5b8b952b5d00, L_0x751c8f282060;
L_0x5b8b952c5f90 .shift/r 16, v0x5b8b952b0ad0_0, L_0x5b8b952c5e50;
L_0x5b8b952c60d0 .part L_0x5b8b952c5f90, 0, 2;
L_0x5b8b952c61f0 .part v0x5b8b952b2480_0, 0, 16;
L_0x5b8b952c62e0 .concat [ 2 16 0 0], L_0x751c8f2820a8, L_0x5b8b952c61f0;
L_0x5b8b952c6460 .concat [ 2 16 0 0], L_0x5b8b952c60d0, L_0x751c8f2820f0;
L_0x5b8b952c6db0 .concat [ 10 8 0 0], L_0x5b8b952c66e0, L_0x751c8f282210;
L_0x5b8b952c6f40 .functor MUXZ 18, L_0x5b8b95293830, L_0x5b8b952c6cc0, L_0x5b8b952949b0, C4<>;
S_0x5b8b952685f0 .scope module, "u_cont" "cont" 3 65, 4 1 0, S_0x5b8b95254430;
 .timescale -9 -12;
    .port_info 0 /INPUT 1 "clk";
    .port_info 1 /INPUT 1 "rst";
    .port_info 2 /INPUT 1 "init";
    .port_info 3 /INPUT 1 "decr";
    .port_info 4 /OUTPUT 3 "C";
    .port_info 5 /OUTPUT 1 "done";
P_0x5b8b9528b3f0 .param/l "INIT_VAL" 1 4 12, +C4<000000000000000000000000000000111>;
P_0x5b8b9528b430 .param/l "N_PAIRS" 0 4 2, +C4<00000000000000000000000000001000>;
P_0x5b8b9528b470 .param/l "W" 1 4 11, +C4<00000000000000000000000000000011>;
v0x5b8b9528f5e0_0 .var "C", 2 0;
v0x5b8b95290510_0 .net *"_ivl_0", 31 0, L_0x5b8b952c73b0;  1 drivers
L_0x751c8f2822e8 .functor BUFT 1, C4<00000000000000000000000000000>, C4<0>, C4<0>, C4<0>;
v0x5b8b95290bc0_0 .net *"_ivl_3", 28 0, L_0x751c8f2822e8;  1 drivers
L_0x751c8f282330 .functor BUFT 1, C4<00000000000000000000000000000000>, C4<0>, C4<0>, C4<0>;
v0x5b8b9528ecf0_0 .net/2u *"_ivl_4", 31 0, L_0x751c8f282330;  1 drivers
v0x5b8b9528b060_0 .net "clk", 0 0, v0x5b8b952b5880_0;  alias, 1 drivers
v0x5b8b952af170_0 .net "decr", 0 0, L_0x5b8b952c7310;  alias, 1 drivers
v0x5b8b952af230_0 .net "done", 0 0, L_0x5b8b952c7450;  alias, 1 drivers
v0x5b8b952af2f0_0 .net "init", 0 0, v0x5b8b952b00e0_0;  alias, 1 drivers
v0x5b8b952af3b0_0 .net "rst", 0 0, v0x5b8b952b5b20_0;  alias, 1 drivers
E_0x5b8b95243490 .event posedge, v0x5b8b9528b060_0;
L_0x5b8b952c73b0 .concat [ 3 29 0 0], v0x5b8b9528f5e0_0, L_0x751c8f2822e8;
L_0x5b8b952c7450 .cmp/eq 32, L_0x5b8b952c73b0, L_0x751c8f282330;
S_0x5b8b952af530 .scope module, "u_fsm" "fsm_sqrt" 3 51, 5 1 0, S_0x5b8b95254430;
 .timescale -9 -12;
    .port_info 0 /INPUT 1 "clk";
    .port_info 1 /INPUT 1 "rst";
    .port_info 2 /INPUT 1 "start";
    .port_info 3 /INPUT 1 "done";
    .port_info 4 /OUTPUT 1 "load_n";
    .port_info 5 /OUTPUT 1 "init";
    .port_info 6 /OUTPUT 1 "en_calc";
    .port_info 7 /OUTPUT 1 "decr";
    .port_info 8 /OUTPUT 1 "load_out";
    .port_info 9 /OUTPUT 1 "ready";
P_0x5b8b952af6e0 .param/l "S_CALC" 1 5 18, C4<011>;
P_0x5b8b952af720 .param/l "S_DONE" 1 5 19, C4<100>;
P_0x5b8b952af760 .param/l "S_IDLE" 1 5 15, C4<000>;
P_0x5b8b952af7a0 .param/l "S_INIT" 1 5 16, C4<001>;
P_0x5b8b952af7e0 .param/l "S_OUT" 1 5 20, C4<101>;
P_0x5b8b952af820 .param/l "S_WAIT" 1 5 17, C4<010>;
L_0x751c8f282258 .functor BUFT 1, C4<011>, C4<0>, C4<0>, C4<0>;
v0x5b8b952afc30_0 .net/2u *"_ivl_0", 2 0, L_0x751c8f282258;  1 drivers
L_0x751c8f2822a0 .functor BUFT 1, C4<011>, C4<0>, C4<0>, C4<0>;
v0x5b8b952afd30_0 .net/2u *"_ivl_4", 2 0, L_0x751c8f2822a0;  1 drivers
v0x5b8b952afe10_0 .net "clk", 0 0, v0x5b8b952b5880_0;  alias, 1 drivers
v0x5b8b952afeb0_0 .net "decr", 0 0, L_0x5b8b952c7310;  alias, 1 drivers
v0x5b8b952aff50_0 .net "done", 0 0, L_0x5b8b952c7450;  alias, 1 drivers
v0x5b8b952b0040_0 .net "en_calc", 0 0, L_0x5b8b952c71e0;  alias, 1 drivers
v0x5b8b952b00e0_0 .var "init", 0 0;
v0x5b8b952b0180_0 .var "load_n", 0 0;
v0x5b8b952b0220_0 .var "load_out", 0 0;
v0x5b8b952b02c0_0 .var "ready", 0 0;
v0x5b8b952b0360_0 .net "rst", 0 0, v0x5b8b952b5b20_0;  alias, 1 drivers
v0x5b8b952b0430_0 .net "start", 0 0, v0x5b8b952b5c10_0;  alias, 1 drivers
v0x5b8b952b04d0_0 .var "state", 2 0;
v0x5b8b952b0590_0 .var "state_name", 48 1;
E_0x5b8b95275e90 .event anyedge, v0x5b8b952b04d0_0;
L_0x5b8b952c71e0 .cmp/eq 3, v0x5b8b952b04d0_0, L_0x751c8f282258;
L_0x5b8b952c7310 .cmp/eq 3, v0x5b8b952b04d0_0, L_0x751c8f2822a0;
S_0x5b8b952b0810 .scope module, "u_reg_n" "reg_n" 3 75, 6 1 0, S_0x5b8b95254430;
 .timescale -9 -12;
    .port_info 0 /INPUT 1 "clk";
    .port_info 1 /INPUT 1 "rst";
    .port_info 2 /INPUT 1 "load_n";
    .port_info 3 /INPUT 16 "N_in";
    .port_info 4 /OUTPUT 16 "N";
P_0x5b8b952b09d0 .param/l "WIDTH_N" 0 6 2, +C4<00000000000000000000000000010000>;
v0x5b8b952b0ad0_0 .var "N", 15 0;
v0x5b8b952b0bb0_0 .net "N_in", 15 0, v0x5b8b952b5750_0;  alias, 1 drivers
v0x5b8b952b0c90_0 .net "clk", 0 0, v0x5b8b952b5880_0;  alias, 1 drivers
v0x5b8b952b0db0_0 .net "load_n", 0 0, v0x5b8b952b0180_0;  alias, 1 drivers
v0x5b8b952b0e50_0 .net "rst", 0 0, v0x5b8b952b5b20_0;  alias, 1 drivers
S_0x5b8b952b0ff0 .scope module, "u_reg_out" "reg_out" 3 104, 7 1 0, S_0x5b8b95254430;
 .timescale -9 -12;
    .port_info 0 /INPUT 1 "clk";
    .port_info 1 /INPUT 1 "rst";
    .port_info 2 /INPUT 1 "load_out";
    .port_info 3 /INPUT 8 "Rad";
    .port_info 4 /OUTPUT 8 "raiz";
P_0x5b8b952b11d0 .param/l "WIDTH_RAD" 0 7 2, +C4<00000000000000000000000000001000>;
v0x5b8b952b1270_0 .net "Rad", 7 0, v0x5b8b952b1ab0_0;  alias, 1 drivers
v0x5b8b952b1370_0 .net "clk", 0 0, v0x5b8b952b5880_0;  alias, 1 drivers
v0x5b8b952b1430_0 .net "load_out", 0 0, v0x5b8b952b0220_0;  alias, 1 drivers
v0x5b8b952b1530_0 .var "raiz", 7 0;
v0x5b8b952b15d0_0 .net "rst", 0 0, v0x5b8b952b5b20_0;  alias, 1 drivers
S_0x5b8b952b1740 .scope module, "u_reg_rad" "reg_rad" 3 94, 8 1 0, S_0x5b8b95254430;
 .timescale -9 -12;
    .port_info 0 /INPUT 1 "clk";
    .port_info 1 /INPUT 1 "rst";
    .port_info 2 /INPUT 1 "init";
    .port_info 3 /INPUT 1 "en_calc";
    .port_info 4 /INPUT 1 "sel_rad";
    .port_info 5 /OUTPUT 8 "Rad";
P_0x5b8b952b1970 .param/l "WIDTH_RAD" 0 8 2, +C4<00000000000000000000000000001000>;
v0x5b8b952b1ab0_0 .var "Rad", 7 0;
v0x5b8b952b1b90_0 .net "clk", 0 0, v0x5b8b952b5880_0;  alias, 1 drivers
v0x5b8b952b1c30_0 .net "en_calc", 0 0, L_0x5b8b952c71e0;  alias, 1 drivers
v0x5b8b952b1d30_0 .net "init", 0 0, v0x5b8b952b00e0_0;  alias, 1 drivers
v0x5b8b952b1dd0_0 .net "rst", 0 0, v0x5b8b952b5b20_0;  alias, 1 drivers
v0x5b8b952b1ec0_0 .net "sel_rad", 0 0, L_0x5b8b952949b0;  alias, 1 drivers
S_0x5b8b952b2020 .scope module, "u_reg_rem" "reg_rem" 3 84, 9 1 0, S_0x5b8b95254430;
 .timescale -9 -12;
    .port_info 0 /INPUT 1 "clk";
    .port_info 1 /INPUT 1 "rst";
    .port_info 2 /INPUT 1 "init";
    .port_info 3 /INPUT 1 "en_calc";
    .port_info 4 /INPUT 18 "D_rem";
    .port_info 5 /OUTPUT 18 "Rem";
P_0x5b8b952b21b0 .param/l "WIDTH_REM" 0 9 2, +C4<000000000000000000000000000010010>;
v0x5b8b952b2380_0 .net "D_rem", 17 0, L_0x5b8b952c6f40;  alias, 1 drivers
v0x5b8b952b2480_0 .var "Rem", 17 0;
v0x5b8b952b2560_0 .net "clk", 0 0, v0x5b8b952b5880_0;  alias, 1 drivers
v0x5b8b952b2600_0 .net "en_calc", 0 0, L_0x5b8b952c71e0;  alias, 1 drivers
v0x5b8b952b26f0_0 .net "init", 0 0, v0x5b8b952b00e0_0;  alias, 1 drivers
v0x5b8b952b27e0_0 .net "rst", 0 0, v0x5b8b952b5b20_0;  alias, 1 drivers
S_0x5b8b952b2960 .scope module, "u_sub" "sub" 3 40, 10 1 0, S_0x5b8b95254430;
 .timescale -9 -12;
    .port_info 0 /INPUT 18 "Rem";
    .port_info 1 /INPUT 18 "Trial";
    .port_info 2 /OUTPUT 18 "Rem_next";
    .port_info 3 /OUTPUT 1 "borrow";
    .port_info 4 /OUTPUT 1 "update";
P_0x5b8b952b2b40 .param/l "WIDTH" 0 10 2, +C4<000000000000000000000000000010010>;
L_0x5b8b952949b0 .functor NOT 1, L_0x5b8b952c6b80, C4<0>, C4<0>, C4<0>;
v0x5b8b952b2be0_0 .net "Rem", 17 0, L_0x5b8b95293830;  alias, 1 drivers
v0x5b8b952b2ce0_0 .net "Rem_next", 17 0, L_0x5b8b952c6cc0;  alias, 1 drivers
v0x5b8b952b2dc0_0 .net "Trial", 17 0, L_0x5b8b952c6db0;  1 drivers
L_0x751c8f282180 .functor BUFT 1, C4<0>, C4<0>, C4<0>, C4<0>;
v0x5b8b952b2eb0_0 .net/2u *"_ivl_0", 0 0, L_0x751c8f282180;  1 drivers
v0x5b8b952b2f90_0 .net *"_ivl_2", 18 0, L_0x5b8b952c68b0;  1 drivers
L_0x751c8f2821c8 .functor BUFT 1, C4<0>, C4<0>, C4<0>, C4<0>;
v0x5b8b952b30c0_0 .net/2u *"_ivl_4", 0 0, L_0x751c8f2821c8;  1 drivers
v0x5b8b952b31a0_0 .net *"_ivl_6", 18 0, L_0x5b8b952c6950;  1 drivers
v0x5b8b952b3280_0 .net "borrow", 0 0, L_0x5b8b952c6b80;  alias, 1 drivers
v0x5b8b952b3340_0 .net "result", 18 0, L_0x5b8b952c6a40;  1 drivers
v0x5b8b952b3420_0 .net "update", 0 0, L_0x5b8b952949b0;  alias, 1 drivers
L_0x5b8b952c68b0 .concat [ 18 1 0 0], L_0x5b8b95293830, L_0x751c8f282180;
L_0x5b8b952c6950 .concat [ 18 1 0 0], L_0x5b8b952c6db0, L_0x751c8f2821c8;
L_0x5b8b952c6a40 .arith/sub 19, L_0x5b8b952c68b0, L_0x5b8b952c6950;
L_0x5b8b952c6b80 .part L_0x5b8b952c6a40, 18, 1;
L_0x5b8b952c6cc0 .part L_0x5b8b952c6a40, 0, 18;
S_0x5b8b952b3570 .scope module, "u_trial" "trial" 3 31, 11 1 0, S_0x5b8b95254430;
 .timescale -9 -12;
    .port_info 0 /INPUT 8 "Rad";
    .port_info 1 /OUTPUT 10 "Trial";
P_0x5b8b952b3700 .param/l "WIDTH_RAD" 0 11 2, +C4<00000000000000000000000000001000>;
v0x5b8b952b3850_0 .net "Rad", 7 0, v0x5b8b952b1ab0_0;  alias, 1 drivers
v0x5b8b952b3980_0 .net "Trial", 9 0, L_0x5b8b952c66e0;  alias, 1 drivers
L_0x751c8f282138 .functor BUFT 1, C4<01>, C4<0>, C4<0>, C4<0>;
v0x5b8b952b3a60_0 .net/2u *"_ivl_0", 1 0, L_0x751c8f282138;  1 drivers
L_0x5b8b952c66e0 .concat [ 2 8 0 0], L_0x751c8f282138, v0x5b8b952b1ab0_0;
    .scope S_0x5b8b952af530;
T_0 ;
    %pushi/vec4 0, 0, 1;
    %store/vec4 v0x5b8b952b0180_0, 0, 1;
    %pushi/vec4 0, 0, 1;
    %store/vec4 v0x5b8b952b00e0_0, 0, 1;
    %pushi/vec4 0, 0, 1;
    %store/vec4 v0x5b8b952b0220_0, 0, 1;
    %pushi/vec4 0, 0, 1;
    %store/vec4 v0x5b8b952b02c0_0, 0, 1;
    %pushi/vec4 0, 0, 3;
    %store/vec4 v0x5b8b952b04d0_0, 0, 3;
    %end;
    .thread T_0;
    .scope S_0x5b8b952af530;
T_1 ;
    %wait E_0x5b8b95243490;
    %load/vec4 v0x5b8b952b0360_0;
    %flag_set/vec4 8;
    %jmp/0xz  T_1.0, 8;
    %pushi/vec4 0, 0, 3;
    %assign/vec4 v0x5b8b952b04d0_0, 0;
    %pushi/vec4 0, 0, 1;
    %assign/vec4 v0x5b8b952b0180_0, 0;
    %pushi/vec4 0, 0, 1;
    %assign/vec4 v0x5b8b952b00e0_0, 0;
    %pushi/vec4 0, 0, 1;
    %assign/vec4 v0x5b8b952b0220_0, 0;
    %pushi/vec4 0, 0, 1;
    %assign/vec4 v0x5b8b952b02c0_0, 0;
    %jmp T_1.1;
T_1.0 ;
    %load/vec4 v0x5b8b952b04d0_0;
    %dup/vec4;
    %pushi/vec4 0, 0, 3;
    %cmp/u;
    %jmp/1 T_1.2, 6;
    %dup/vec4;
    %pushi/vec4 1, 0, 3;
    %cmp/u;
    %jmp/1 T_1.3, 6;
    %dup/vec4;
    %pushi/vec4 2, 0, 3;
    %cmp/u;
    %jmp/1 T_1.4, 6;
    %dup/vec4;
    %pushi/vec4 3, 0, 3;
    %cmp/u;
    %jmp/1 T_1.5, 6;
    %dup/vec4;
    %pushi/vec4 4, 0, 3;
    %cmp/u;
    %jmp/1 T_1.6, 6;
    %dup/vec4;
    %pushi/vec4 5, 0, 3;
    %cmp/u;
    %jmp/1 T_1.7, 6;
    %pushi/vec4 0, 0, 3;
    %assign/vec4 v0x5b8b952b04d0_0, 0;
    %jmp T_1.9;
T_1.2 ;
    %pushi/vec4 0, 0, 1;
    %assign/vec4 v0x5b8b952b0180_0, 0;
    %pushi/vec4 0, 0, 1;
    %assign/vec4 v0x5b8b952b00e0_0, 0;
    %pushi/vec4 0, 0, 1;
    %assign/vec4 v0x5b8b952b0220_0, 0;
    %pushi/vec4 0, 0, 1;
    %assign/vec4 v0x5b8b952b02c0_0, 0;
    %load/vec4 v0x5b8b952b0430_0;
    %flag_set/vec4 8;
    %jmp/0xz  T_1.10, 8;
    %pushi/vec4 1, 0, 3;
    %assign/vec4 v0x5b8b952b04d0_0, 0;
    %jmp T_1.11;
T_1.10 ;
    %pushi/vec4 0, 0, 3;
    %assign/vec4 v0x5b8b952b04d0_0, 0;
T_1.11 ;
    %jmp T_1.9;
T_1.3 ;
    %pushi/vec4 1, 0, 1;
    %assign/vec4 v0x5b8b952b0180_0, 0;
    %pushi/vec4 1, 0, 1;
    %assign/vec4 v0x5b8b952b00e0_0, 0;
    %pushi/vec4 0, 0, 1;
    %assign/vec4 v0x5b8b952b0220_0, 0;
    %pushi/vec4 0, 0, 1;
    %assign/vec4 v0x5b8b952b02c0_0, 0;
    %pushi/vec4 2, 0, 3;
    %assign/vec4 v0x5b8b952b04d0_0, 0;
    %jmp T_1.9;
T_1.4 ;
    %pushi/vec4 0, 0, 1;
    %assign/vec4 v0x5b8b952b0180_0, 0;
    %pushi/vec4 0, 0, 1;
    %assign/vec4 v0x5b8b952b00e0_0, 0;
    %pushi/vec4 0, 0, 1;
    %assign/vec4 v0x5b8b952b0220_0, 0;
    %pushi/vec4 0, 0, 1;
    %assign/vec4 v0x5b8b952b02c0_0, 0;
    %pushi/vec4 3, 0, 3;
    %assign/vec4 v0x5b8b952b04d0_0, 0;
    %jmp T_1.9;
T_1.5 ;
    %pushi/vec4 0, 0, 1;
    %assign/vec4 v0x5b8b952b0180_0, 0;
    %pushi/vec4 0, 0, 1;
    %assign/vec4 v0x5b8b952b00e0_0, 0;
    %pushi/vec4 0, 0, 1;
    %assign/vec4 v0x5b8b952b0220_0, 0;
    %pushi/vec4 0, 0, 1;
    %assign/vec4 v0x5b8b952b02c0_0, 0;
    %load/vec4 v0x5b8b952aff50_0;
    %flag_set/vec4 8;
    %jmp/0xz  T_1.12, 8;
    %pushi/vec4 4, 0, 3;
    %assign/vec4 v0x5b8b952b04d0_0, 0;
    %jmp T_1.13;
T_1.12 ;
    %pushi/vec4 3, 0, 3;
    %assign/vec4 v0x5b8b952b04d0_0, 0;
T_1.13 ;
    %jmp T_1.9;
T_1.6 ;
    %pushi/vec4 0, 0, 1;
    %assign/vec4 v0x5b8b952b0180_0, 0;
    %pushi/vec4 0, 0, 1;
    %assign/vec4 v0x5b8b952b00e0_0, 0;
    %pushi/vec4 1, 0, 1;
    %assign/vec4 v0x5b8b952b0220_0, 0;
    %pushi/vec4 0, 0, 1;
    %assign/vec4 v0x5b8b952b02c0_0, 0;
    %pushi/vec4 5, 0, 3;
    %assign/vec4 v0x5b8b952b04d0_0, 0;
    %jmp T_1.9;
T_1.7 ;
    %pushi/vec4 0, 0, 1;
    %assign/vec4 v0x5b8b952b0180_0, 0;
    %pushi/vec4 0, 0, 1;
    %assign/vec4 v0x5b8b952b00e0_0, 0;
    %pushi/vec4 0, 0, 1;
    %assign/vec4 v0x5b8b952b0220_0, 0;
    %pushi/vec4 1, 0, 1;
    %assign/vec4 v0x5b8b952b02c0_0, 0;
    %pushi/vec4 0, 0, 3;
    %assign/vec4 v0x5b8b952b04d0_0, 0;
    %jmp T_1.9;
T_1.9 ;
    %pop/vec4 1;
T_1.1 ;
    %jmp T_1;
    .thread T_1;
    .scope S_0x5b8b952af530;
T_2 ;
    %wait E_0x5b8b95275e90;
    %load/vec4 v0x5b8b952b04d0_0;
    %dup/vec4;
    %pushi/vec4 0, 0, 3;
    %cmp/u;
    %jmp/1 T_2.0, 6;
    %dup/vec4;
    %pushi/vec4 1, 0, 3;
    %cmp/u;
    %jmp/1 T_2.1, 6;
    %dup/vec4;
    %pushi/vec4 2, 0, 3;
    %cmp/u;
    %jmp/1 T_2.2, 6;
    %dup/vec4;
    %pushi/vec4 3, 0, 3;
    %cmp/u;
    %jmp/1 T_2.3, 6;
    %dup/vec4;
    %pushi/vec4 4, 0, 3;
    %cmp/u;
    %jmp/1 T_2.4, 6;
    %dup/vec4;
    %pushi/vec4 5, 0, 3;
    %cmp/u;
    %jmp/1 T_2.5, 6;
    %pushi/vec4 1061109536, 0, 32; draw_string_vec4
    %pushi/vec4 8224, 0, 16; draw_string_vec4
    %concat/vec4; draw_string_vec4
    %store/vec4 v0x5b8b952b0590_0, 0, 48;
    %jmp T_2.7;
T_2.0 ;
    %pushi/vec4 1229212741, 0, 32; draw_string_vec4
    %pushi/vec4 8224, 0, 16; draw_string_vec4
    %concat/vec4; draw_string_vec4
    %store/vec4 v0x5b8b952b0590_0, 0, 48;
    %jmp T_2.7;
T_2.1 ;
    %pushi/vec4 1229867348, 0, 32; draw_string_vec4
    %pushi/vec4 8224, 0, 16; draw_string_vec4
    %concat/vec4; draw_string_vec4
    %store/vec4 v0x5b8b952b0590_0, 0, 48;
    %jmp T_2.7;
T_2.2 ;
    %pushi/vec4 1463896404, 0, 32; draw_string_vec4
    %pushi/vec4 8224, 0, 16; draw_string_vec4
    %concat/vec4; draw_string_vec4
    %store/vec4 v0x5b8b952b0590_0, 0, 48;
    %jmp T_2.7;
T_2.3 ;
    %pushi/vec4 1128352835, 0, 32; draw_string_vec4
    %pushi/vec4 8224, 0, 16; draw_string_vec4
    %concat/vec4; draw_string_vec4
    %store/vec4 v0x5b8b952b0590_0, 0, 48;
    %jmp T_2.7;
T_2.4 ;
    %pushi/vec4 1146048069, 0, 32; draw_string_vec4
    %pushi/vec4 8224, 0, 16; draw_string_vec4
    %concat/vec4; draw_string_vec4
    %store/vec4 v0x5b8b952b0590_0, 0, 48;
    %jmp T_2.7;
T_2.5 ;
    %pushi/vec4 1330992160, 0, 32; draw_string_vec4
    %pushi/vec4 8224, 0, 16; draw_string_vec4
    %concat/vec4; draw_string_vec4
    %store/vec4 v0x5b8b952b0590_0, 0, 48;
    %jmp T_2.7;
T_2.7 ;
    %pop/vec4 1;
    %jmp T_2;
    .thread T_2, $push;
    .scope S_0x5b8b952685f0;
T_3 ;
    %wait E_0x5b8b95243490;
    %load/vec4 v0x5b8b952af3b0_0;
    %flag_set/vec4 8;
    %jmp/0xz  T_3.0, 8;
    %pushi/vec4 0, 0, 3;
    %assign/vec4 v0x5b8b9528f5e0_0, 0;
    %jmp T_3.1;
T_3.0 ;
    %load/vec4 v0x5b8b952af2f0_0;
    %flag_set/vec4 8;
    %jmp/0xz  T_3.2, 8;
    %pushi/vec4 7, 0, 3;
    %assign/vec4 v0x5b8b9528f5e0_0, 0;
    %jmp T_3.3;
T_3.2 ;
    %load/vec4 v0x5b8b952af170_0;
    %flag_set/vec4 9;
    %flag_get/vec4 9;
    %jmp/0 T_3.6, 9;
    %load/vec4 v0x5b8b9528f5e0_0;
    %pad/u 32;
    %pushi/vec4 0, 0, 32;
    %cmp/ne;
    %flag_get/vec4 4;
    %and;
T_3.6;
    %flag_set/vec4 8;
    %jmp/0xz  T_3.4, 8;
    %load/vec4 v0x5b8b9528f5e0_0;
    %subi 1, 0, 3;
    %assign/vec4 v0x5b8b9528f5e0_0, 0;
T_3.4 ;
T_3.3 ;
T_3.1 ;
    %jmp T_3;
    .thread T_3;
    .scope S_0x5b8b952b0810;
T_4 ;
    %wait E_0x5b8b95243490;
    %load/vec4 v0x5b8b952b0e50_0;
    %flag_set/vec4 8;
    %jmp/0xz  T_4.0, 8;
    %pushi/vec4 0, 0, 16;
    %assign/vec4 v0x5b8b952b0ad0_0, 0;
    %jmp T_4.1;
T_4.0 ;
    %load/vec4 v0x5b8b952b0db0_0;
    %flag_set/vec4 8;
    %jmp/0xz  T_4.2, 8;
    %load/vec4 v0x5b8b952b0bb0_0;
    %assign/vec4 v0x5b8b952b0ad0_0, 0;
T_4.2 ;
T_4.1 ;
    %jmp T_4;
    .thread T_4;
    .scope S_0x5b8b952b2020;
T_5 ;
    %wait E_0x5b8b95243490;
    %load/vec4 v0x5b8b952b27e0_0;
    %flag_set/vec4 8;
    %jmp/0xz  T_5.0, 8;
    %pushi/vec4 0, 0, 18;
    %assign/vec4 v0x5b8b952b2480_0, 0;
    %jmp T_5.1;
T_5.0 ;
    %load/vec4 v0x5b8b952b26f0_0;
    %flag_set/vec4 8;
    %jmp/0xz  T_5.2, 8;
    %pushi/vec4 0, 0, 18;
    %assign/vec4 v0x5b8b952b2480_0, 0;
    %jmp T_5.3;
T_5.2 ;
    %load/vec4 v0x5b8b952b2600_0;
    %flag_set/vec4 8;
    %jmp/0xz  T_5.4, 8;
    %load/vec4 v0x5b8b952b2380_0;
    %assign/vec4 v0x5b8b952b2480_0, 0;
T_5.4 ;
T_5.3 ;
T_5.1 ;
    %jmp T_5;
    .thread T_5;
    .scope S_0x5b8b952b1740;
T_6 ;
    %wait E_0x5b8b95243490;
    %load/vec4 v0x5b8b952b1dd0_0;
    %flag_set/vec4 8;
    %jmp/0xz  T_6.0, 8;
    %pushi/vec4 0, 0, 8;
    %assign/vec4 v0x5b8b952b1ab0_0, 0;
    %jmp T_6.1;
T_6.0 ;
    %load/vec4 v0x5b8b952b1d30_0;
    %flag_set/vec4 8;
    %jmp/0xz  T_6.2, 8;
    %pushi/vec4 0, 0, 8;
    %assign/vec4 v0x5b8b952b1ab0_0, 0;
    %jmp T_6.3;
T_6.2 ;
    %load/vec4 v0x5b8b952b1c30_0;
    %flag_set/vec4 8;
    %jmp/0xz  T_6.4, 8;
    %load/vec4 v0x5b8b952b1ab0_0;
    %parti/s 7, 0, 2;
    %load/vec4 v0x5b8b952b1ec0_0;
    %concat/vec4; draw_concat_vec4
    %assign/vec4 v0x5b8b952b1ab0_0, 0;
T_6.4 ;
T_6.3 ;
T_6.1 ;
    %jmp T_6;
    .thread T_6;
    .scope S_0x5b8b952b0ff0;
T_7 ;
    %wait E_0x5b8b95243490;
    %load/vec4 v0x5b8b952b15d0_0;
    %flag_set/vec4 8;
    %jmp/0xz  T_7.0, 8;
    %pushi/vec4 0, 0, 8;
    %assign/vec4 v0x5b8b952b1530_0, 0;
    %jmp T_7.1;
T_7.0 ;
    %load/vec4 v0x5b8b952b1430_0;
    %flag_set/vec4 8;
    %jmp/0xz  T_7.2, 8;
    %load/vec4 v0x5b8b952b1270_0;
    %assign/vec4 v0x5b8b952b1530_0, 0;
T_7.2 ;
T_7.1 ;
    %jmp T_7;
    .thread T_7;
    .scope S_0x5b8b95292630;
T_8 ;
    %delay 5000, 0;
    %load/vec4 v0x5b8b952b5880_0;
    %inv;
    %store/vec4 v0x5b8b952b5880_0, 0, 1;
    %jmp T_8;
    .thread T_8;
    .scope S_0x5b8b95292630;
T_9 ;
    %vpi_call 2 29 "$dumpfile", "tb_sqrt.vcd" {0 0 0};
    %vpi_call 2 30 "$dumpvars", 32'sb00000000000000000000000000000000, S_0x5b8b95292630 {0 0 0};
    %pushi/vec4 0, 0, 1;
    %store/vec4 v0x5b8b952b5880_0, 0, 1;
    %pushi/vec4 1, 0, 1;
    %store/vec4 v0x5b8b952b5b20_0, 0, 1;
    %pushi/vec4 0, 0, 1;
    %store/vec4 v0x5b8b952b5c10_0, 0, 1;
    %pushi/vec4 0, 0, 16;
    %store/vec4 v0x5b8b952b5750_0, 0, 16;
    %delay 20000, 0;
    %pushi/vec4 0, 0, 1;
    %store/vec4 v0x5b8b952b5b20_0, 0, 1;
    %delay 10000, 0;
    %pushi/vec4 79, 0, 16;
    %store/vec4 v0x5b8b952b5750_0, 0, 16;
    %pushi/vec4 1, 0, 1;
    %store/vec4 v0x5b8b952b5c10_0, 0, 1;
    %delay 10000, 0;
    %pushi/vec4 0, 0, 1;
    %store/vec4 v0x5b8b952b5c10_0, 0, 1;
T_9.0 ;
    %load/vec4 v0x5b8b952b5a30_0;
    %cmpi/ne 1, 0, 1;
    %jmp/0xz T_9.1, 6;
    %wait E_0x5b8b95275360;
    %jmp T_9.0;
T_9.1 ;
    %wait E_0x5b8b95243490;
    %delay 1000, 0;
    %vpi_call 2 51 "$display", "Entrada(%0d)", v0x5b8b952b5750_0 {0 0 0};
    %vpi_call 2 52 "$display", "Raiz: %0d", v0x5b8b952b5940_0 {0 0 0};
    %delay 10000, 0;
    %pushi/vec4 1, 0, 1;
    %store/vec4 v0x5b8b952b5b20_0, 0, 1;
    %delay 10000, 0;
    %pushi/vec4 0, 0, 1;
    %store/vec4 v0x5b8b952b5b20_0, 0, 1;
    %delay 10000, 0;
    %pushi/vec4 100, 0, 16;
    %store/vec4 v0x5b8b952b5750_0, 0, 16;
    %pushi/vec4 1, 0, 1;
    %store/vec4 v0x5b8b952b5c10_0, 0, 1;
    %delay 10000, 0;
    %pushi/vec4 0, 0, 1;
    %store/vec4 v0x5b8b952b5c10_0, 0, 1;
T_9.2 ;
    %load/vec4 v0x5b8b952b5a30_0;
    %cmpi/ne 1, 0, 1;
    %jmp/0xz T_9.3, 6;
    %wait E_0x5b8b95275360;
    %jmp T_9.2;
T_9.3 ;
    %wait E_0x5b8b95243490;
    %delay 1000, 0;
    %vpi_call 2 68 "$display", "Entrada(%0d)", v0x5b8b952b5750_0 {0 0 0};
    %vpi_call 2 69 "$display", "Raiz: %0d", v0x5b8b952b5940_0 {0 0 0};
    %delay 10000, 0;
    %pushi/vec4 1, 0, 1;
    %store/vec4 v0x5b8b952b5b20_0, 0, 1;
    %delay 10000, 0;
    %pushi/vec4 0, 0, 1;
    %store/vec4 v0x5b8b952b5b20_0, 0, 1;
    %delay 10000, 0;
    %pushi/vec4 625, 0, 16;
    %store/vec4 v0x5b8b952b5750_0, 0, 16;
    %pushi/vec4 1, 0, 1;
    %store/vec4 v0x5b8b952b5c10_0, 0, 1;
    %delay 10000, 0;
    %pushi/vec4 0, 0, 1;
    %store/vec4 v0x5b8b952b5c10_0, 0, 1;
T_9.4 ;
    %load/vec4 v0x5b8b952b5a30_0;
    %cmpi/ne 1, 0, 1;
    %jmp/0xz T_9.5, 6;
    %wait E_0x5b8b95275360;
    %jmp T_9.4;
T_9.5 ;
    %wait E_0x5b8b95243490;
    %delay 1000, 0;
    %vpi_call 2 85 "$display", "Entrada(%0d)", v0x5b8b952b5750_0 {0 0 0};
    %vpi_call 2 86 "$display", "Raiz: %0d", v0x5b8b952b5940_0 {0 0 0};
    %delay 30000, 0;
    %vpi_call 2 89 "$finish" {0 0 0};
    %end;
    .thread T_9;
# The file index is used to find the file name in the following table.
:file_names 12;
    "N/A";
    "<interactive>";
    "tb_sqrt.v";
    "top_sqrt.v";
    "cont.v";
    "fsm_sqrt.v";
    "reg_n.v";
    "reg_out.v";
    "reg_rad.v";
    "reg_rem.v";
    "sub.v";
    "trial.v";
