#! /usr/bin/vvp
:ivl_version "12.0 (stable)";
:ivl_delay_selection "TYPICAL";
:vpi_time_precision - 12;
:vpi_module "/usr/lib/x86_64-linux-gnu/ivl/system.vpi";
:vpi_module "/usr/lib/x86_64-linux-gnu/ivl/vhdl_sys.vpi";
:vpi_module "/usr/lib/x86_64-linux-gnu/ivl/vhdl_textio.vpi";
:vpi_module "/usr/lib/x86_64-linux-gnu/ivl/v2005_math.vpi";
:vpi_module "/usr/lib/x86_64-linux-gnu/ivl/va_math.vpi";
S_0x64a4e39c2f20 .scope module, "tb_div" "tb_div" 2 9;
 .timescale -9 -12;
P_0x64a4e39a93c0 .param/l "N" 0 2 11, +C4<00000000000000000000000000010000>;
v0x64a4e39f4d50_0 .var "Dvd_in", 15 0;
v0x64a4e39f4e30_0 .var "Dvs_in", 15 0;
v0x64a4e39f4f40_0 .net "Q_out", 15 0, L_0x64a4e39d2830;  1 drivers
v0x64a4e39f4fe0_0 .net "R_out", 15 0, L_0x64a4e399a7f0;  1 drivers
v0x64a4e39f5080_0 .var "clk", 0 0;
v0x64a4e39f5170_0 .net "done", 0 0, v0x64a4e39f3120_0;  1 drivers
v0x64a4e39f5260_0 .var "rst", 0 0;
v0x64a4e39f5300_0 .var "start", 0 0;
E_0x64a4e39af5d0 .event anyedge, v0x64a4e39f3120_0;
S_0x64a4e39c3100 .scope module, "UUT" "top_div" 2 24, 3 1 0, S_0x64a4e39c2f20;
 .timescale -9 -12;
    .port_info 0 /INPUT 1 "clk";
    .port_info 1 /INPUT 1 "rst";
    .port_info 2 /INPUT 1 "start";
    .port_info 3 /INPUT 16 "Dvd_in";
    .port_info 4 /INPUT 16 "Dvs_in";
    .port_info 5 /OUTPUT 16 "Q_out";
    .port_info 6 /OUTPUT 16 "R_out";
    .port_info 7 /OUTPUT 1 "done";
P_0x64a4e39c4df0 .param/l "N" 0 3 1, +C4<00000000000000000000000000010000>;
L_0x64a4e39d2830 .functor BUFZ 16, v0x64a4e39f0e60_0, C4<0000000000000000>, C4<0000000000000000>, C4<0000000000000000>;
L_0x64a4e399a7f0 .functor BUFZ 16, v0x64a4e39991a0_0, C4<0000000000000000>, C4<0000000000000000>, C4<0000000000000000>;
v0x64a4e39f3df0_0 .net "Acm_geq_Dvs", 0 0, L_0x64a4e39f5790;  1 drivers
v0x64a4e39f3eb0_0 .net "Acm_q", 15 0, v0x64a4e39991a0_0;  1 drivers
v0x64a4e39f3f70_0 .net "C_q", 15 0, v0x64a4e39f0e60_0;  1 drivers
v0x64a4e39f4010_0 .net "Dvd_MSB", 0 0, L_0x64a4e39f53f0;  1 drivers
v0x64a4e39f40b0_0 .net "Dvd_in", 15 0, v0x64a4e39f4d50_0;  1 drivers
v0x64a4e39f41a0_0 .net "Dvd_q", 15 0, v0x64a4e39f1a70_0;  1 drivers
v0x64a4e39f4240_0 .net "Dvs_in", 15 0, v0x64a4e39f4e30_0;  1 drivers
v0x64a4e39f4310_0 .net "Dvs_q", 15 0, v0x64a4e39f2640_0;  1 drivers
v0x64a4e39f43b0_0 .net "LD", 0 0, v0x64a4e39f3200_0;  1 drivers
v0x64a4e39f44e0_0 .net "Q0", 0 0, v0x64a4e39f33c0_0;  1 drivers
v0x64a4e39f4580_0 .net "Q1", 0 0, v0x64a4e39f3490_0;  1 drivers
v0x64a4e39f4670_0 .net "Q_out", 15 0, L_0x64a4e39d2830;  alias, 1 drivers
v0x64a4e39f4750_0 .net "R_out", 15 0, L_0x64a4e399a7f0;  alias, 1 drivers
v0x64a4e39f4830_0 .net "SHFT", 0 0, v0x64a4e39f3530_0;  1 drivers
v0x64a4e39f48d0_0 .net "SUB", 0 0, v0x64a4e39f3620_0;  1 drivers
v0x64a4e39f49c0_0 .net "clk", 0 0, v0x64a4e39f5080_0;  1 drivers
v0x64a4e39f4a60_0 .net "done", 0 0, v0x64a4e39f3120_0;  alias, 1 drivers
v0x64a4e39f4b00_0 .net "rst", 0 0, v0x64a4e39f5260_0;  1 drivers
v0x64a4e39f4ba0_0 .net "start", 0 0, v0x64a4e39f5300_0;  1 drivers
S_0x64a4e39c1500 .scope module, "Acm_REG" "acm_reg" 3 38, 4 1 0, S_0x64a4e39c3100;
 .timescale -9 -12;
    .port_info 0 /INPUT 1 "clk";
    .port_info 1 /INPUT 1 "rst";
    .port_info 2 /INPUT 1 "LD";
    .port_info 3 /INPUT 1 "SHFT";
    .port_info 4 /INPUT 1 "SUB";
    .port_info 5 /INPUT 1 "Dvd_MSB";
    .port_info 6 /INPUT 16 "Dvs";
    .port_info 7 /OUTPUT 16 "Q";
P_0x64a4e39c16e0 .param/l "N" 0 4 2, +C4<00000000000000000000000000010000>;
v0x64a4e39d2980_0 .net "Dvd_MSB", 0 0, L_0x64a4e39f53f0;  alias, 1 drivers
v0x64a4e399a910_0 .net "Dvs", 15 0, v0x64a4e39f2640_0;  alias, 1 drivers
v0x64a4e399a9b0_0 .net "LD", 0 0, v0x64a4e39f3200_0;  alias, 1 drivers
v0x64a4e39991a0_0 .var "Q", 15 0;
v0x64a4e3999240_0 .net "SHFT", 0 0, v0x64a4e39f3530_0;  alias, 1 drivers
v0x64a4e399cbd0_0 .net "SUB", 0 0, v0x64a4e39f3620_0;  alias, 1 drivers
v0x64a4e399cc70_0 .net "clk", 0 0, v0x64a4e39f5080_0;  alias, 1 drivers
v0x64a4e39f0200_0 .net "rst", 0 0, v0x64a4e39f5260_0;  alias, 1 drivers
E_0x64a4e39b17d0/0 .event negedge, v0x64a4e399cc70_0;
E_0x64a4e39b17d0/1 .event posedge, v0x64a4e39f0200_0;
E_0x64a4e39b17d0 .event/or E_0x64a4e39b17d0/0, E_0x64a4e39b17d0/1;
S_0x64a4e39f0410 .scope module, "COMP" "div_comp" 3 58, 5 1 0, S_0x64a4e39c3100;
 .timescale -9 -12;
    .port_info 0 /INPUT 16 "Dvd";
    .port_info 1 /INPUT 16 "Dvs";
    .port_info 2 /OUTPUT 1 "Z";
    .port_info 3 /OUTPUT 1 "N_out";
P_0x64a4e39f05c0 .param/l "N" 0 5 2, +C4<00000000000000000000000000010000>;
v0x64a4e39f0660_0 .net "Dvd", 15 0, v0x64a4e39991a0_0;  alias, 1 drivers
v0x64a4e39f0750_0 .net "Dvs", 15 0, v0x64a4e39f2640_0;  alias, 1 drivers
v0x64a4e39f0820_0 .net "N_out", 0 0, L_0x64a4e39f5790;  alias, 1 drivers
v0x64a4e39f08f0_0 .net "Z", 0 0, L_0x64a4e39f56c0;  1 drivers
L_0x64a4e39f56c0 .cmp/eq 16, v0x64a4e39991a0_0, v0x64a4e39f2640_0;
L_0x64a4e39f5790 .cmp/ge 16, v0x64a4e39991a0_0, v0x64a4e39f2640_0;
S_0x64a4e39f0a40 .scope module, "C_REG" "reg_c" 3 49, 6 5 0, S_0x64a4e39c3100;
 .timescale -9 -12;
    .port_info 0 /INPUT 1 "clk";
    .port_info 1 /INPUT 1 "rst";
    .port_info 2 /INPUT 1 "LD";
    .port_info 3 /INPUT 1 "Q0";
    .port_info 4 /INPUT 1 "Q1";
    .port_info 5 /OUTPUT 16 "Q";
P_0x64a4e39f0c20 .param/l "N" 0 6 6, +C4<00000000000000000000000000010000>;
v0x64a4e39f0d90_0 .net "LD", 0 0, v0x64a4e39f3200_0;  alias, 1 drivers
v0x64a4e39f0e60_0 .var "Q", 15 0;
v0x64a4e39f0f20_0 .net "Q0", 0 0, v0x64a4e39f33c0_0;  alias, 1 drivers
v0x64a4e39f0ff0_0 .net "Q1", 0 0, v0x64a4e39f3490_0;  alias, 1 drivers
v0x64a4e39f10b0_0 .net "clk", 0 0, v0x64a4e39f5080_0;  alias, 1 drivers
v0x64a4e39f11a0_0 .net "rst", 0 0, v0x64a4e39f5260_0;  alias, 1 drivers
S_0x64a4e39f12f0 .scope module, "Dvd_REG" "div_sh_reg" 3 20, 7 6 0, S_0x64a4e39c3100;
 .timescale -9 -12;
    .port_info 0 /INPUT 1 "clk";
    .port_info 1 /INPUT 1 "rst";
    .port_info 2 /INPUT 1 "LD";
    .port_info 3 /INPUT 1 "SHFT";
    .port_info 4 /INPUT 16 "D";
    .port_info 5 /OUTPUT 16 "Q";
    .port_info 6 /OUTPUT 1 "MSB";
    .port_info 7 /OUTPUT 1 "LSB";
P_0x64a4e399c880 .param/l "DIR" 0 7 8, +C4<00000000000000000000000000000001>;
P_0x64a4e399c8c0 .param/l "N" 0 7 7, +C4<00000000000000000000000000010000>;
v0x64a4e39f16f0_0 .net "D", 15 0, v0x64a4e39f4d50_0;  alias, 1 drivers
v0x64a4e39f17f0_0 .net "LD", 0 0, v0x64a4e39f3200_0;  alias, 1 drivers
v0x64a4e39f1900_0 .net "LSB", 0 0, L_0x64a4e39f54e0;  1 drivers
v0x64a4e39f19a0_0 .net "MSB", 0 0, L_0x64a4e39f53f0;  alias, 1 drivers
v0x64a4e39f1a70_0 .var "Q", 15 0;
v0x64a4e39f1b60_0 .net "SHFT", 0 0, v0x64a4e39f3530_0;  alias, 1 drivers
v0x64a4e39f1c00_0 .net "clk", 0 0, v0x64a4e39f5080_0;  alias, 1 drivers
v0x64a4e39f1cf0_0 .net "rst", 0 0, v0x64a4e39f5260_0;  alias, 1 drivers
L_0x64a4e39f53f0 .part v0x64a4e39f1a70_0, 15, 1;
L_0x64a4e39f54e0 .part v0x64a4e39f1a70_0, 0, 1;
S_0x64a4e39f1f10 .scope module, "Dvs_REG" "div_sh_reg" 3 29, 7 6 0, S_0x64a4e39c3100;
 .timescale -9 -12;
    .port_info 0 /INPUT 1 "clk";
    .port_info 1 /INPUT 1 "rst";
    .port_info 2 /INPUT 1 "LD";
    .port_info 3 /INPUT 1 "SHFT";
    .port_info 4 /INPUT 16 "D";
    .port_info 5 /OUTPUT 16 "Q";
    .port_info 6 /OUTPUT 1 "MSB";
    .port_info 7 /OUTPUT 1 "LSB";
P_0x64a4e39cbad0 .param/l "DIR" 0 7 8, +C4<00000000000000000000000000000001>;
P_0x64a4e39cbb10 .param/l "N" 0 7 7, +C4<00000000000000000000000000010000>;
v0x64a4e39f2340_0 .net "D", 15 0, v0x64a4e39f4e30_0;  alias, 1 drivers
v0x64a4e39f2440_0 .net "LD", 0 0, v0x64a4e39f3200_0;  alias, 1 drivers
v0x64a4e39f2500_0 .net "LSB", 0 0, L_0x64a4e39f5620;  1 drivers
v0x64a4e39f25a0_0 .net "MSB", 0 0, L_0x64a4e39f5580;  1 drivers
v0x64a4e39f2640_0 .var "Q", 15 0;
L_0x7434f3e69018 .functor BUFT 1, C4<0>, C4<0>, C4<0>, C4<0>;
v0x64a4e39f27a0_0 .net "SHFT", 0 0, L_0x7434f3e69018;  1 drivers
v0x64a4e39f2860_0 .net "clk", 0 0, v0x64a4e39f5080_0;  alias, 1 drivers
v0x64a4e39f2900_0 .net "rst", 0 0, v0x64a4e39f5260_0;  alias, 1 drivers
L_0x64a4e39f5580 .part v0x64a4e39f2640_0, 15, 1;
L_0x64a4e39f5620 .part v0x64a4e39f2640_0, 0, 1;
S_0x64a4e39f2af0 .scope module, "FSM" "Control_div" 3 64, 8 2 0, S_0x64a4e39c3100;
 .timescale -9 -12;
    .port_info 0 /INPUT 1 "clk";
    .port_info 1 /INPUT 1 "rst";
    .port_info 2 /INPUT 1 "start";
    .port_info 3 /INPUT 1 "N_in";
    .port_info 4 /OUTPUT 1 "LD";
    .port_info 5 /OUTPUT 1 "SHFT";
    .port_info 6 /OUTPUT 1 "SUB";
    .port_info 7 /OUTPUT 1 "Q0";
    .port_info 8 /OUTPUT 1 "Q1";
    .port_info 9 /OUTPUT 1 "DONE";
P_0x64a4e39a53c0 .param/l "CNT_W" 1 8 23, +C4<00000000000000000000000000000101>;
P_0x64a4e39a5400 .param/l "N" 0 8 2, +C4<00000000000000000000000000010000>;
P_0x64a4e39a5440 .param/l "S_CHECK" 1 8 20, C4<100>;
P_0x64a4e39a5480 .param/l "S_DONE" 1 8 21, C4<101>;
P_0x64a4e39a54c0 .param/l "S_LOAD" 1 8 17, C4<001>;
P_0x64a4e39a5500 .param/l "S_SHIFT" 1 8 19, C4<011>;
P_0x64a4e39a5540 .param/l "S_START" 1 8 16, C4<000>;
P_0x64a4e39a5580 .param/l "S_WAIT" 1 8 18, C4<010>;
v0x64a4e39f3120_0 .var "DONE", 0 0;
v0x64a4e39f3200_0 .var "LD", 0 0;
v0x64a4e39f32c0_0 .net "N_in", 0 0, L_0x64a4e39f5790;  alias, 1 drivers
v0x64a4e39f33c0_0 .var "Q0", 0 0;
v0x64a4e39f3490_0 .var "Q1", 0 0;
v0x64a4e39f3530_0 .var "SHFT", 0 0;
v0x64a4e39f3620_0 .var "SUB", 0 0;
v0x64a4e39f36c0_0 .net "clk", 0 0, v0x64a4e39f5080_0;  alias, 1 drivers
v0x64a4e39f37f0_0 .var "cnt", 4 0;
v0x64a4e39f3920_0 .net "rst", 0 0, v0x64a4e39f5260_0;  alias, 1 drivers
v0x64a4e39f3a50_0 .net "start", 0 0, v0x64a4e39f5300_0;  alias, 1 drivers
v0x64a4e39f3af0_0 .var "state", 2 0;
v0x64a4e39f3b90_0 .var "state_name", 320 1;
E_0x64a4e39bbfc0 .event anyedge, v0x64a4e39f3af0_0;
E_0x64a4e39d3ee0 .event posedge, v0x64a4e399cc70_0;
    .scope S_0x64a4e39f12f0;
T_0 ;
    %wait E_0x64a4e39b17d0;
    %load/vec4 v0x64a4e39f1cf0_0;
    %flag_set/vec4 8;
    %jmp/0xz  T_0.0, 8;
    %pushi/vec4 0, 0, 16;
    %assign/vec4 v0x64a4e39f1a70_0, 0;
    %jmp T_0.1;
T_0.0 ;
    %load/vec4 v0x64a4e39f17f0_0;
    %flag_set/vec4 8;
    %jmp/0xz  T_0.2, 8;
    %load/vec4 v0x64a4e39f16f0_0;
    %assign/vec4 v0x64a4e39f1a70_0, 0;
    %jmp T_0.3;
T_0.2 ;
    %load/vec4 v0x64a4e39f1b60_0;
    %flag_set/vec4 8;
    %jmp/0xz  T_0.4, 8;
    %load/vec4 v0x64a4e39f1a70_0;
    %parti/s 15, 0, 2;
    %concati/vec4 0, 0, 1;
    %assign/vec4 v0x64a4e39f1a70_0, 0;
T_0.4 ;
T_0.3 ;
T_0.1 ;
    %jmp T_0;
    .thread T_0;
    .scope S_0x64a4e39f1f10;
T_1 ;
    %wait E_0x64a4e39b17d0;
    %load/vec4 v0x64a4e39f2900_0;
    %flag_set/vec4 8;
    %jmp/0xz  T_1.0, 8;
    %pushi/vec4 0, 0, 16;
    %assign/vec4 v0x64a4e39f2640_0, 0;
    %jmp T_1.1;
T_1.0 ;
    %load/vec4 v0x64a4e39f2440_0;
    %flag_set/vec4 8;
    %jmp/0xz  T_1.2, 8;
    %load/vec4 v0x64a4e39f2340_0;
    %assign/vec4 v0x64a4e39f2640_0, 0;
    %jmp T_1.3;
T_1.2 ;
    %load/vec4 v0x64a4e39f27a0_0;
    %flag_set/vec4 8;
    %jmp/0xz  T_1.4, 8;
    %load/vec4 v0x64a4e39f2640_0;
    %parti/s 15, 0, 2;
    %concati/vec4 0, 0, 1;
    %assign/vec4 v0x64a4e39f2640_0, 0;
T_1.4 ;
T_1.3 ;
T_1.1 ;
    %jmp T_1;
    .thread T_1;
    .scope S_0x64a4e39c1500;
T_2 ;
    %wait E_0x64a4e39b17d0;
    %load/vec4 v0x64a4e39f0200_0;
    %flag_set/vec4 8;
    %jmp/0xz  T_2.0, 8;
    %pushi/vec4 0, 0, 16;
    %assign/vec4 v0x64a4e39991a0_0, 0;
    %jmp T_2.1;
T_2.0 ;
    %load/vec4 v0x64a4e399a9b0_0;
    %flag_set/vec4 8;
    %jmp/0xz  T_2.2, 8;
    %pushi/vec4 0, 0, 16;
    %assign/vec4 v0x64a4e39991a0_0, 0;
    %jmp T_2.3;
T_2.2 ;
    %load/vec4 v0x64a4e3999240_0;
    %flag_set/vec4 8;
    %jmp/0xz  T_2.4, 8;
    %load/vec4 v0x64a4e39991a0_0;
    %parti/s 15, 0, 2;
    %load/vec4 v0x64a4e39d2980_0;
    %concat/vec4; draw_concat_vec4
    %assign/vec4 v0x64a4e39991a0_0, 0;
    %jmp T_2.5;
T_2.4 ;
    %load/vec4 v0x64a4e399cbd0_0;
    %flag_set/vec4 8;
    %jmp/0xz  T_2.6, 8;
    %load/vec4 v0x64a4e39991a0_0;
    %load/vec4 v0x64a4e399a910_0;
    %sub;
    %assign/vec4 v0x64a4e39991a0_0, 0;
T_2.6 ;
T_2.5 ;
T_2.3 ;
T_2.1 ;
    %jmp T_2;
    .thread T_2;
    .scope S_0x64a4e39f0a40;
T_3 ;
    %wait E_0x64a4e39b17d0;
    %load/vec4 v0x64a4e39f11a0_0;
    %flag_set/vec4 8;
    %jmp/0xz  T_3.0, 8;
    %pushi/vec4 0, 0, 16;
    %assign/vec4 v0x64a4e39f0e60_0, 0;
    %jmp T_3.1;
T_3.0 ;
    %load/vec4 v0x64a4e39f0d90_0;
    %flag_set/vec4 8;
    %jmp/0xz  T_3.2, 8;
    %pushi/vec4 0, 0, 16;
    %assign/vec4 v0x64a4e39f0e60_0, 0;
    %jmp T_3.3;
T_3.2 ;
    %load/vec4 v0x64a4e39f0ff0_0;
    %flag_set/vec4 8;
    %jmp/0xz  T_3.4, 8;
    %load/vec4 v0x64a4e39f0e60_0;
    %parti/s 15, 0, 2;
    %concati/vec4 1, 0, 1;
    %assign/vec4 v0x64a4e39f0e60_0, 0;
    %jmp T_3.5;
T_3.4 ;
    %load/vec4 v0x64a4e39f0f20_0;
    %flag_set/vec4 8;
    %jmp/0xz  T_3.6, 8;
    %load/vec4 v0x64a4e39f0e60_0;
    %parti/s 15, 0, 2;
    %concati/vec4 0, 0, 1;
    %assign/vec4 v0x64a4e39f0e60_0, 0;
T_3.6 ;
T_3.5 ;
T_3.3 ;
T_3.1 ;
    %jmp T_3;
    .thread T_3;
    .scope S_0x64a4e39f2af0;
T_4 ;
    %pushi/vec4 0, 0, 1;
    %store/vec4 v0x64a4e39f3200_0, 0, 1;
    %pushi/vec4 0, 0, 1;
    %store/vec4 v0x64a4e39f3530_0, 0, 1;
    %pushi/vec4 0, 0, 1;
    %store/vec4 v0x64a4e39f3620_0, 0, 1;
    %pushi/vec4 0, 0, 1;
    %store/vec4 v0x64a4e39f33c0_0, 0, 1;
    %pushi/vec4 0, 0, 1;
    %store/vec4 v0x64a4e39f3490_0, 0, 1;
    %pushi/vec4 0, 0, 1;
    %store/vec4 v0x64a4e39f3120_0, 0, 1;
    %pushi/vec4 0, 0, 3;
    %store/vec4 v0x64a4e39f3af0_0, 0, 3;
    %pushi/vec4 0, 0, 5;
    %store/vec4 v0x64a4e39f37f0_0, 0, 5;
    %end;
    .thread T_4;
    .scope S_0x64a4e39f2af0;
T_5 ;
    %wait E_0x64a4e39d3ee0;
    %load/vec4 v0x64a4e39f3920_0;
    %flag_set/vec4 8;
    %jmp/0xz  T_5.0, 8;
    %pushi/vec4 0, 0, 3;
    %assign/vec4 v0x64a4e39f3af0_0, 0;
    %jmp T_5.1;
T_5.0 ;
    %load/vec4 v0x64a4e39f3af0_0;
    %dup/vec4;
    %pushi/vec4 0, 0, 3;
    %cmp/u;
    %jmp/1 T_5.2, 6;
    %dup/vec4;
    %pushi/vec4 1, 0, 3;
    %cmp/u;
    %jmp/1 T_5.3, 6;
    %dup/vec4;
    %pushi/vec4 2, 0, 3;
    %cmp/u;
    %jmp/1 T_5.4, 6;
    %dup/vec4;
    %pushi/vec4 3, 0, 3;
    %cmp/u;
    %jmp/1 T_5.5, 6;
    %dup/vec4;
    %pushi/vec4 4, 0, 3;
    %cmp/u;
    %jmp/1 T_5.6, 6;
    %dup/vec4;
    %pushi/vec4 5, 0, 3;
    %cmp/u;
    %jmp/1 T_5.7, 6;
    %pushi/vec4 0, 0, 3;
    %assign/vec4 v0x64a4e39f3af0_0, 0;
    %jmp T_5.9;
T_5.2 ;
    %pushi/vec4 0, 0, 1;
    %assign/vec4 v0x64a4e39f3200_0, 0;
    %pushi/vec4 0, 0, 1;
    %assign/vec4 v0x64a4e39f3530_0, 0;
    %pushi/vec4 0, 0, 1;
    %assign/vec4 v0x64a4e39f3620_0, 0;
    %pushi/vec4 0, 0, 1;
    %assign/vec4 v0x64a4e39f33c0_0, 0;
    %pushi/vec4 0, 0, 1;
    %assign/vec4 v0x64a4e39f3490_0, 0;
    %pushi/vec4 0, 0, 1;
    %assign/vec4 v0x64a4e39f3120_0, 0;
    %pushi/vec4 0, 0, 5;
    %assign/vec4 v0x64a4e39f37f0_0, 0;
    %load/vec4 v0x64a4e39f3a50_0;
    %flag_set/vec4 8;
    %jmp/0xz  T_5.10, 8;
    %pushi/vec4 1, 0, 3;
    %assign/vec4 v0x64a4e39f3af0_0, 0;
    %jmp T_5.11;
T_5.10 ;
    %pushi/vec4 0, 0, 3;
    %assign/vec4 v0x64a4e39f3af0_0, 0;
T_5.11 ;
    %jmp T_5.9;
T_5.3 ;
    %pushi/vec4 1, 0, 1;
    %assign/vec4 v0x64a4e39f3200_0, 0;
    %pushi/vec4 0, 0, 1;
    %assign/vec4 v0x64a4e39f3530_0, 0;
    %pushi/vec4 0, 0, 1;
    %assign/vec4 v0x64a4e39f3620_0, 0;
    %pushi/vec4 0, 0, 1;
    %assign/vec4 v0x64a4e39f33c0_0, 0;
    %pushi/vec4 0, 0, 1;
    %assign/vec4 v0x64a4e39f3490_0, 0;
    %pushi/vec4 0, 0, 1;
    %assign/vec4 v0x64a4e39f3120_0, 0;
    %pushi/vec4 2, 0, 3;
    %assign/vec4 v0x64a4e39f3af0_0, 0;
    %jmp T_5.9;
T_5.4 ;
    %pushi/vec4 0, 0, 1;
    %assign/vec4 v0x64a4e39f3200_0, 0;
    %pushi/vec4 0, 0, 1;
    %assign/vec4 v0x64a4e39f3530_0, 0;
    %pushi/vec4 0, 0, 1;
    %assign/vec4 v0x64a4e39f3620_0, 0;
    %pushi/vec4 0, 0, 1;
    %assign/vec4 v0x64a4e39f33c0_0, 0;
    %pushi/vec4 0, 0, 1;
    %assign/vec4 v0x64a4e39f3490_0, 0;
    %pushi/vec4 0, 0, 1;
    %assign/vec4 v0x64a4e39f3120_0, 0;
    %pushi/vec4 3, 0, 3;
    %assign/vec4 v0x64a4e39f3af0_0, 0;
    %jmp T_5.9;
T_5.5 ;
    %pushi/vec4 0, 0, 1;
    %assign/vec4 v0x64a4e39f3200_0, 0;
    %pushi/vec4 1, 0, 1;
    %assign/vec4 v0x64a4e39f3530_0, 0;
    %pushi/vec4 0, 0, 1;
    %assign/vec4 v0x64a4e39f3620_0, 0;
    %pushi/vec4 0, 0, 1;
    %assign/vec4 v0x64a4e39f33c0_0, 0;
    %pushi/vec4 0, 0, 1;
    %assign/vec4 v0x64a4e39f3490_0, 0;
    %pushi/vec4 0, 0, 1;
    %assign/vec4 v0x64a4e39f3120_0, 0;
    %pushi/vec4 4, 0, 3;
    %assign/vec4 v0x64a4e39f3af0_0, 0;
    %jmp T_5.9;
T_5.6 ;
    %pushi/vec4 0, 0, 1;
    %assign/vec4 v0x64a4e39f3200_0, 0;
    %pushi/vec4 0, 0, 1;
    %assign/vec4 v0x64a4e39f3530_0, 0;
    %pushi/vec4 0, 0, 1;
    %assign/vec4 v0x64a4e39f3120_0, 0;
    %load/vec4 v0x64a4e39f32c0_0;
    %flag_set/vec4 8;
    %jmp/0xz  T_5.12, 8;
    %pushi/vec4 1, 0, 1;
    %assign/vec4 v0x64a4e39f3620_0, 0;
    %pushi/vec4 1, 0, 1;
    %assign/vec4 v0x64a4e39f3490_0, 0;
    %pushi/vec4 0, 0, 1;
    %assign/vec4 v0x64a4e39f33c0_0, 0;
    %jmp T_5.13;
T_5.12 ;
    %pushi/vec4 0, 0, 1;
    %assign/vec4 v0x64a4e39f3620_0, 0;
    %pushi/vec4 0, 0, 1;
    %assign/vec4 v0x64a4e39f3490_0, 0;
    %pushi/vec4 1, 0, 1;
    %assign/vec4 v0x64a4e39f33c0_0, 0;
T_5.13 ;
    %load/vec4 v0x64a4e39f37f0_0;
    %pad/u 32;
    %cmpi/e 15, 0, 32;
    %jmp/0xz  T_5.14, 4;
    %pushi/vec4 5, 0, 3;
    %assign/vec4 v0x64a4e39f3af0_0, 0;
    %jmp T_5.15;
T_5.14 ;
    %pushi/vec4 3, 0, 3;
    %assign/vec4 v0x64a4e39f3af0_0, 0;
    %load/vec4 v0x64a4e39f37f0_0;
    %addi 1, 0, 5;
    %assign/vec4 v0x64a4e39f37f0_0, 0;
T_5.15 ;
    %jmp T_5.9;
T_5.7 ;
    %pushi/vec4 0, 0, 1;
    %assign/vec4 v0x64a4e39f3200_0, 0;
    %pushi/vec4 0, 0, 1;
    %assign/vec4 v0x64a4e39f3530_0, 0;
    %pushi/vec4 0, 0, 1;
    %assign/vec4 v0x64a4e39f3620_0, 0;
    %pushi/vec4 0, 0, 1;
    %assign/vec4 v0x64a4e39f33c0_0, 0;
    %pushi/vec4 0, 0, 1;
    %assign/vec4 v0x64a4e39f3490_0, 0;
    %pushi/vec4 1, 0, 1;
    %assign/vec4 v0x64a4e39f3120_0, 0;
    %pushi/vec4 0, 0, 3;
    %assign/vec4 v0x64a4e39f3af0_0, 0;
    %jmp T_5.9;
T_5.9 ;
    %pop/vec4 1;
T_5.1 ;
    %jmp T_5;
    .thread T_5;
    .scope S_0x64a4e39f2af0;
T_6 ;
    %wait E_0x64a4e39bbfc0;
    %load/vec4 v0x64a4e39f3af0_0;
    %dup/vec4;
    %pushi/vec4 0, 0, 3;
    %cmp/u;
    %jmp/1 T_6.0, 6;
    %dup/vec4;
    %pushi/vec4 1, 0, 3;
    %cmp/u;
    %jmp/1 T_6.1, 6;
    %dup/vec4;
    %pushi/vec4 2, 0, 3;
    %cmp/u;
    %jmp/1 T_6.2, 6;
    %dup/vec4;
    %pushi/vec4 3, 0, 3;
    %cmp/u;
    %jmp/1 T_6.3, 6;
    %dup/vec4;
    %pushi/vec4 4, 0, 3;
    %cmp/u;
    %jmp/1 T_6.4, 6;
    %dup/vec4;
    %pushi/vec4 5, 0, 3;
    %cmp/u;
    %jmp/1 T_6.5, 6;
    %jmp T_6.6;
T_6.0 ;
    %pushi/vec4 0, 0, 32; draw_string_vec4
    %pushi/vec4 0, 0, 32; draw_string_vec4
    %concat/vec4; draw_string_vec4
    %pushi/vec4 0, 0, 32; draw_string_vec4
    %concat/vec4; draw_string_vec4
    %pushi/vec4 0, 0, 32; draw_string_vec4
    %concat/vec4; draw_string_vec4
    %pushi/vec4 0, 0, 32; draw_string_vec4
    %concat/vec4; draw_string_vec4
    %pushi/vec4 0, 0, 32; draw_string_vec4
    %concat/vec4; draw_string_vec4
    %pushi/vec4 0, 0, 32; draw_string_vec4
    %concat/vec4; draw_string_vec4
    %pushi/vec4 0, 0, 32; draw_string_vec4
    %concat/vec4; draw_string_vec4
    %pushi/vec4 83, 0, 32; draw_string_vec4
    %concat/vec4; draw_string_vec4
    %pushi/vec4 1413567060, 0, 32; draw_string_vec4
    %concat/vec4; draw_string_vec4
    %store/vec4 v0x64a4e39f3b90_0, 0, 320;
    %jmp T_6.6;
T_6.1 ;
    %pushi/vec4 0, 0, 32; draw_string_vec4
    %pushi/vec4 0, 0, 32; draw_string_vec4
    %concat/vec4; draw_string_vec4
    %pushi/vec4 0, 0, 32; draw_string_vec4
    %concat/vec4; draw_string_vec4
    %pushi/vec4 0, 0, 32; draw_string_vec4
    %concat/vec4; draw_string_vec4
    %pushi/vec4 0, 0, 32; draw_string_vec4
    %concat/vec4; draw_string_vec4
    %pushi/vec4 0, 0, 32; draw_string_vec4
    %concat/vec4; draw_string_vec4
    %pushi/vec4 0, 0, 32; draw_string_vec4
    %concat/vec4; draw_string_vec4
    %pushi/vec4 0, 0, 32; draw_string_vec4
    %concat/vec4; draw_string_vec4
    %pushi/vec4 0, 0, 32; draw_string_vec4
    %concat/vec4; draw_string_vec4
    %pushi/vec4 1280262468, 0, 32; draw_string_vec4
    %concat/vec4; draw_string_vec4
    %store/vec4 v0x64a4e39f3b90_0, 0, 320;
    %jmp T_6.6;
T_6.2 ;
    %pushi/vec4 0, 0, 32; draw_string_vec4
    %pushi/vec4 0, 0, 32; draw_string_vec4
    %concat/vec4; draw_string_vec4
    %pushi/vec4 0, 0, 32; draw_string_vec4
    %concat/vec4; draw_string_vec4
    %pushi/vec4 0, 0, 32; draw_string_vec4
    %concat/vec4; draw_string_vec4
    %pushi/vec4 0, 0, 32; draw_string_vec4
    %concat/vec4; draw_string_vec4
    %pushi/vec4 0, 0, 32; draw_string_vec4
    %concat/vec4; draw_string_vec4
    %pushi/vec4 0, 0, 32; draw_string_vec4
    %concat/vec4; draw_string_vec4
    %pushi/vec4 0, 0, 32; draw_string_vec4
    %concat/vec4; draw_string_vec4
    %pushi/vec4 0, 0, 32; draw_string_vec4
    %concat/vec4; draw_string_vec4
    %pushi/vec4 1463896404, 0, 32; draw_string_vec4
    %concat/vec4; draw_string_vec4
    %store/vec4 v0x64a4e39f3b90_0, 0, 320;
    %jmp T_6.6;
T_6.3 ;
    %pushi/vec4 0, 0, 32; draw_string_vec4
    %pushi/vec4 0, 0, 32; draw_string_vec4
    %concat/vec4; draw_string_vec4
    %pushi/vec4 0, 0, 32; draw_string_vec4
    %concat/vec4; draw_string_vec4
    %pushi/vec4 0, 0, 32; draw_string_vec4
    %concat/vec4; draw_string_vec4
    %pushi/vec4 0, 0, 32; draw_string_vec4
    %concat/vec4; draw_string_vec4
    %pushi/vec4 0, 0, 32; draw_string_vec4
    %concat/vec4; draw_string_vec4
    %pushi/vec4 0, 0, 32; draw_string_vec4
    %concat/vec4; draw_string_vec4
    %pushi/vec4 0, 0, 32; draw_string_vec4
    %concat/vec4; draw_string_vec4
    %pushi/vec4 83, 0, 32; draw_string_vec4
    %concat/vec4; draw_string_vec4
    %pushi/vec4 1212761684, 0, 32; draw_string_vec4
    %concat/vec4; draw_string_vec4
    %store/vec4 v0x64a4e39f3b90_0, 0, 320;
    %jmp T_6.6;
T_6.4 ;
    %pushi/vec4 0, 0, 32; draw_string_vec4
    %pushi/vec4 0, 0, 32; draw_string_vec4
    %concat/vec4; draw_string_vec4
    %pushi/vec4 0, 0, 32; draw_string_vec4
    %concat/vec4; draw_string_vec4
    %pushi/vec4 0, 0, 32; draw_string_vec4
    %concat/vec4; draw_string_vec4
    %pushi/vec4 0, 0, 32; draw_string_vec4
    %concat/vec4; draw_string_vec4
    %pushi/vec4 0, 0, 32; draw_string_vec4
    %concat/vec4; draw_string_vec4
    %pushi/vec4 0, 0, 32; draw_string_vec4
    %concat/vec4; draw_string_vec4
    %pushi/vec4 0, 0, 32; draw_string_vec4
    %concat/vec4; draw_string_vec4
    %pushi/vec4 67, 0, 32; draw_string_vec4
    %concat/vec4; draw_string_vec4
    %pushi/vec4 1212498763, 0, 32; draw_string_vec4
    %concat/vec4; draw_string_vec4
    %store/vec4 v0x64a4e39f3b90_0, 0, 320;
    %jmp T_6.6;
T_6.5 ;
    %pushi/vec4 0, 0, 32; draw_string_vec4
    %pushi/vec4 0, 0, 32; draw_string_vec4
    %concat/vec4; draw_string_vec4
    %pushi/vec4 0, 0, 32; draw_string_vec4
    %concat/vec4; draw_string_vec4
    %pushi/vec4 0, 0, 32; draw_string_vec4
    %concat/vec4; draw_string_vec4
    %pushi/vec4 0, 0, 32; draw_string_vec4
    %concat/vec4; draw_string_vec4
    %pushi/vec4 0, 0, 32; draw_string_vec4
    %concat/vec4; draw_string_vec4
    %pushi/vec4 0, 0, 32; draw_string_vec4
    %concat/vec4; draw_string_vec4
    %pushi/vec4 0, 0, 32; draw_string_vec4
    %concat/vec4; draw_string_vec4
    %pushi/vec4 0, 0, 32; draw_string_vec4
    %concat/vec4; draw_string_vec4
    %pushi/vec4 1146048069, 0, 32; draw_string_vec4
    %concat/vec4; draw_string_vec4
    %store/vec4 v0x64a4e39f3b90_0, 0, 320;
    %jmp T_6.6;
T_6.6 ;
    %pop/vec4 1;
    %jmp T_6;
    .thread T_6, $push;
    .scope S_0x64a4e39c2f20;
T_7 ;
    %delay 5000, 0;
    %load/vec4 v0x64a4e39f5080_0;
    %inv;
    %store/vec4 v0x64a4e39f5080_0, 0, 1;
    %jmp T_7;
    .thread T_7;
    .scope S_0x64a4e39c2f20;
T_8 ;
    %vpi_call 2 39 "$dumpfile", "div.vcd" {0 0 0};
    %vpi_call 2 40 "$dumpvars", 32'sb00000000000000000000000000000000, S_0x64a4e39c2f20 {0 0 0};
    %pushi/vec4 0, 0, 1;
    %store/vec4 v0x64a4e39f5080_0, 0, 1;
    %pushi/vec4 1, 0, 1;
    %store/vec4 v0x64a4e39f5260_0, 0, 1;
    %pushi/vec4 0, 0, 1;
    %store/vec4 v0x64a4e39f5300_0, 0, 1;
    %pushi/vec4 0, 0, 16;
    %store/vec4 v0x64a4e39f4d50_0, 0, 16;
    %pushi/vec4 1, 0, 16;
    %store/vec4 v0x64a4e39f4e30_0, 0, 16;
    %delay 20000, 0;
    %pushi/vec4 0, 0, 1;
    %store/vec4 v0x64a4e39f5260_0, 0, 1;
    %delay 10000, 0;
    %pushi/vec4 29, 0, 16;
    %store/vec4 v0x64a4e39f4d50_0, 0, 16;
    %pushi/vec4 4, 0, 16;
    %store/vec4 v0x64a4e39f4e30_0, 0, 16;
    %pushi/vec4 1, 0, 1;
    %store/vec4 v0x64a4e39f5300_0, 0, 1;
    %delay 10000, 0;
    %pushi/vec4 0, 0, 1;
    %store/vec4 v0x64a4e39f5300_0, 0, 1;
T_8.0 ;
    %load/vec4 v0x64a4e39f5170_0;
    %cmpi/ne 1, 0, 1;
    %jmp/0xz T_8.1, 6;
    %wait E_0x64a4e39af5d0;
    %jmp T_8.0;
T_8.1 ;
    %vpi_call 2 65 "$display", "29 / 4" {0 0 0};
    %vpi_call 2 66 "$display", "Q = %0d", v0x64a4e39f4f40_0 {0 0 0};
    %vpi_call 2 67 "$display", "R = %0d", v0x64a4e39f4fe0_0 {0 0 0};
    %delay 20000, 0;
    %pushi/vec4 1, 0, 1;
    %store/vec4 v0x64a4e39f5260_0, 0, 1;
    %delay 10000, 0;
    %pushi/vec4 0, 0, 1;
    %store/vec4 v0x64a4e39f5260_0, 0, 1;
    %delay 10000, 0;
    %pushi/vec4 318, 0, 16;
    %store/vec4 v0x64a4e39f4d50_0, 0, 16;
    %pushi/vec4 3, 0, 16;
    %store/vec4 v0x64a4e39f4e30_0, 0, 16;
    %pushi/vec4 1, 0, 1;
    %store/vec4 v0x64a4e39f5300_0, 0, 1;
    %delay 10000, 0;
    %pushi/vec4 0, 0, 1;
    %store/vec4 v0x64a4e39f5300_0, 0, 1;
T_8.2 ;
    %load/vec4 v0x64a4e39f5170_0;
    %cmpi/ne 1, 0, 1;
    %jmp/0xz T_8.3, 6;
    %wait E_0x64a4e39af5d0;
    %jmp T_8.2;
T_8.3 ;
    %vpi_call 2 87 "$display", "318 / 3" {0 0 0};
    %vpi_call 2 88 "$display", "Q = %0d", v0x64a4e39f4f40_0 {0 0 0};
    %vpi_call 2 89 "$display", "R = %0d", v0x64a4e39f4fe0_0 {0 0 0};
    %delay 20000, 0;
    %pushi/vec4 1, 0, 1;
    %store/vec4 v0x64a4e39f5260_0, 0, 1;
    %delay 10000, 0;
    %pushi/vec4 0, 0, 1;
    %store/vec4 v0x64a4e39f5260_0, 0, 1;
    %delay 10000, 0;
    %pushi/vec4 520, 0, 16;
    %store/vec4 v0x64a4e39f4d50_0, 0, 16;
    %pushi/vec4 6, 0, 16;
    %store/vec4 v0x64a4e39f4e30_0, 0, 16;
    %pushi/vec4 1, 0, 1;
    %store/vec4 v0x64a4e39f5300_0, 0, 1;
    %delay 10000, 0;
    %pushi/vec4 0, 0, 1;
    %store/vec4 v0x64a4e39f5300_0, 0, 1;
T_8.4 ;
    %load/vec4 v0x64a4e39f5170_0;
    %cmpi/ne 1, 0, 1;
    %jmp/0xz T_8.5, 6;
    %wait E_0x64a4e39af5d0;
    %jmp T_8.4;
T_8.5 ;
    %vpi_call 2 107 "$display", "520 / 6" {0 0 0};
    %vpi_call 2 108 "$display", "Q = %0d", v0x64a4e39f4f40_0 {0 0 0};
    %vpi_call 2 109 "$display", "R = %0d", v0x64a4e39f4fe0_0 {0 0 0};
    %delay 30000, 0;
    %vpi_call 2 112 "$finish" {0 0 0};
    %end;
    .thread T_8;
# The file index is used to find the file name in the following table.
:file_names 9;
    "N/A";
    "<interactive>";
    "tb_div.v";
    "top_div.v";
    "acm_reg.v";
    "div_comp.v";
    "reg_c.v";
    "div_sh_reg.v";
    "Control_div.v";
