#! /usr/bin/vvp
:ivl_version "12.0 (stable)";
:ivl_delay_selection "TYPICAL";
:vpi_time_precision - 12;
:vpi_module "/usr/lib/x86_64-linux-gnu/ivl/system.vpi";
:vpi_module "/usr/lib/x86_64-linux-gnu/ivl/vhdl_sys.vpi";
:vpi_module "/usr/lib/x86_64-linux-gnu/ivl/vhdl_textio.vpi";
:vpi_module "/usr/lib/x86_64-linux-gnu/ivl/v2005_math.vpi";
:vpi_module "/usr/lib/x86_64-linux-gnu/ivl/va_math.vpi";
S_0x60d7515b3bd0 .scope module, "tb_multiplier" "tb_multiplier" 2 7;
 .timescale -9 -12;
P_0x60d7515b4b20 .param/l "N" 0 2 9, +C4<00000000000000000000000000010000>;
v0x60d7515e7e20_0 .net "P_out", 31 0, v0x60d7515e56d0_0;  1 drivers
v0x60d7515e7f00_0 .var "X_in", 15 0;
v0x60d7515e7fc0_0 .var "Y_in", 15 0;
v0x60d7515e8060_0 .var "clk", 0 0;
v0x60d7515e8100_0 .net "done", 0 0, v0x60d7515a11f0_0;  1 drivers
v0x60d7515e8240_0 .var "rst", 0 0;
v0x60d7515e82e0_0 .var "start", 0 0;
E_0x60d7515c3ed0 .event anyedge, v0x60d7515a11f0_0;
S_0x60d7515b3db0 .scope module, "DUT" "multiplier" 2 22, 3 1 0, S_0x60d7515b3bd0;
 .timescale -9 -12;
    .port_info 0 /INPUT 1 "clk";
    .port_info 1 /INPUT 1 "rst";
    .port_info 2 /INPUT 1 "start";
    .port_info 3 /INPUT 16 "X_in";
    .port_info 4 /INPUT 16 "Y_in";
    .port_info 5 /OUTPUT 32 "P_out";
    .port_info 6 /OUTPUT 1 "done";
P_0x60d7515b3f90 .param/l "N" 0 3 1, +C4<00000000000000000000000000010000>;
v0x60d7515e70e0_0 .net "ADD", 0 0, v0x60d7515a61a0_0;  1 drivers
v0x60d7515e71f0_0 .net "LD", 0 0, v0x60d7515a1290_0;  1 drivers
v0x60d7515e72b0_0 .net "P_out", 31 0, v0x60d7515e56d0_0;  alias, 1 drivers
v0x60d7515e7350_0 .net "SHIFT", 0 0, v0x60d75159ff20_0;  1 drivers
v0x60d7515e73f0_0 .net "X_in", 15 0, v0x60d7515e7f00_0;  1 drivers
v0x60d7515e7490_0 .net "X_shifted", 15 0, v0x60d7515e61c0_0;  1 drivers
v0x60d7515e7580_0 .net "Y_LSB", 0 0, L_0x60d7515f8650;  1 drivers
v0x60d7515e7670_0 .net "Y_ZERO", 0 0, L_0x60d7515f8400;  1 drivers
v0x60d7515e7710_0 .net "Y_current", 15 0, v0x60d7515e6cc0_0;  1 drivers
v0x60d7515e7840_0 .net "Y_in", 15 0, v0x60d7515e7fc0_0;  1 drivers
L_0x7b73b629d018 .functor BUFT 1, C4<0000000000000000>, C4<0>, C4<0>, C4<0>;
v0x60d7515e78e0_0 .net/2u *"_ivl_0", 15 0, L_0x7b73b629d018;  1 drivers
v0x60d7515e7980_0 .net "clk", 0 0, v0x60d7515e8060_0;  1 drivers
v0x60d7515e7ab0_0 .net "done", 0 0, v0x60d7515a11f0_0;  alias, 1 drivers
v0x60d7515e7b80_0 .net "rst", 0 0, v0x60d7515e8240_0;  1 drivers
v0x60d7515e7cb0_0 .net "start", 0 0, v0x60d7515e82e0_0;  1 drivers
L_0x60d7515f8400 .cmp/eq 16, v0x60d7515e6cc0_0, L_0x7b73b629d018;
S_0x60d7515ae810 .scope module, "FSM" "control_unit" 3 16, 4 2 0, S_0x60d7515b3db0;
 .timescale -9 -12;
    .port_info 0 /INPUT 1 "clk";
    .port_info 1 /INPUT 1 "rst";
    .port_info 2 /INPUT 1 "start";
    .port_info 3 /INPUT 1 "Y_LSB";
    .port_info 4 /INPUT 1 "Y_ZERO";
    .port_info 5 /OUTPUT 1 "LD";
    .port_info 6 /OUTPUT 1 "SHIFT";
    .port_info 7 /OUTPUT 1 "ADD";
    .port_info 8 /OUTPUT 1 "DONE";
P_0x60d7515ae9f0 .param/l "HOLD_CYCLES" 1 4 21, C4<11100>;
P_0x60d7515aea30 .param/l "S_ADD" 1 4 17, C4<010>;
P_0x60d7515aea70 .param/l "S_CHECK" 1 4 16, C4<001>;
P_0x60d7515aeab0 .param/l "S_END" 1 4 19, C4<100>;
P_0x60d7515aeaf0 .param/l "S_SHIFT" 1 4 18, C4<011>;
P_0x60d7515aeb30 .param/l "S_START" 1 4 15, C4<000>;
v0x60d7515a61a0_0 .var "ADD", 0 0;
v0x60d7515a11f0_0 .var "DONE", 0 0;
v0x60d7515a1290_0 .var "LD", 0 0;
v0x60d75159ff20_0 .var "SHIFT", 0 0;
v0x60d75159ffc0_0 .net "Y_LSB", 0 0, L_0x60d7515f8650;  alias, 1 drivers
v0x60d7515e4ba0_0 .net "Y_ZERO", 0 0, L_0x60d7515f8400;  alias, 1 drivers
v0x60d7515e4c60_0 .net "clk", 0 0, v0x60d7515e8060_0;  alias, 1 drivers
v0x60d7515e4d20_0 .var "count", 4 0;
v0x60d7515e4e00_0 .net "rst", 0 0, v0x60d7515e8240_0;  alias, 1 drivers
v0x60d7515e4ec0_0 .net "start", 0 0, v0x60d7515e82e0_0;  alias, 1 drivers
v0x60d7515e4f80_0 .var "state", 2 0;
v0x60d7515e5060_0 .var "state_name", 320 1;
E_0x60d7515c3530 .event anyedge, v0x60d7515e4f80_0;
E_0x60d7515c45a0 .event posedge, v0x60d7515e4c60_0;
S_0x60d7515e5260 .scope module, "R_ACC" "accumulator" 3 15, 5 3 0, S_0x60d7515b3db0;
 .timescale -9 -12;
    .port_info 0 /INPUT 1 "clk";
    .port_info 1 /INPUT 1 "rst";
    .port_info 2 /INPUT 1 "LD";
    .port_info 3 /INPUT 1 "ADD";
    .port_info 4 /INPUT 16 "X_in";
    .port_info 5 /OUTPUT 32 "Q";
P_0x60d7515e5410 .param/l "N" 0 5 4, +C4<00000000000000000000000000010000>;
v0x60d7515e5570_0 .net "ADD", 0 0, v0x60d7515a61a0_0;  alias, 1 drivers
v0x60d7515e5630_0 .net "LD", 0 0, v0x60d7515a1290_0;  alias, 1 drivers
v0x60d7515e56d0_0 .var "Q", 31 0;
v0x60d7515e57a0_0 .net "X_in", 15 0, v0x60d7515e61c0_0;  alias, 1 drivers
v0x60d7515e5860_0 .net "clk", 0 0, v0x60d7515e8060_0;  alias, 1 drivers
v0x60d7515e5950_0 .net "rst", 0 0, v0x60d7515e8240_0;  alias, 1 drivers
E_0x60d7515c68f0/0 .event negedge, v0x60d7515e4c60_0;
E_0x60d7515c68f0/1 .event posedge, v0x60d7515e4e00_0;
E_0x60d7515c68f0 .event/or E_0x60d7515c68f0/0, E_0x60d7515c68f0/1;
S_0x60d7515e5ae0 .scope module, "X_REG" "shift_register" 3 13, 6 3 0, S_0x60d7515b3db0;
 .timescale -9 -12;
    .port_info 0 /INPUT 1 "clk";
    .port_info 1 /INPUT 1 "rst";
    .port_info 2 /INPUT 1 "LD";
    .port_info 3 /INPUT 1 "SHIFT";
    .port_info 4 /INPUT 16 "D";
    .port_info 5 /OUTPUT 16 "Q";
    .port_info 6 /OUTPUT 1 "LSB";
P_0x60d7515a0d50 .param/l "DIR" 0 6 5, +C4<00000000000000000000000000000001>;
P_0x60d7515a0d90 .param/l "N" 0 6 4, +C4<00000000000000000000000000010000>;
v0x60d7515e5f30_0 .net "D", 15 0, v0x60d7515e7f00_0;  alias, 1 drivers
v0x60d7515e6010_0 .net "LD", 0 0, v0x60d7515a1290_0;  alias, 1 drivers
v0x60d7515e6120_0 .net "LSB", 0 0, L_0x60d7515f85b0;  1 drivers
v0x60d7515e61c0_0 .var "Q", 15 0;
v0x60d7515e6290_0 .net "SHIFT", 0 0, v0x60d75159ff20_0;  alias, 1 drivers
v0x60d7515e6380_0 .net "clk", 0 0, v0x60d7515e8060_0;  alias, 1 drivers
v0x60d7515e6470_0 .net "rst", 0 0, v0x60d7515e8240_0;  alias, 1 drivers
L_0x60d7515f85b0 .part v0x60d7515e61c0_0, 0, 1;
S_0x60d7515e6640 .scope module, "Y_REG" "shift_register" 3 14, 6 3 0, S_0x60d7515b3db0;
 .timescale -9 -12;
    .port_info 0 /INPUT 1 "clk";
    .port_info 1 /INPUT 1 "rst";
    .port_info 2 /INPUT 1 "LD";
    .port_info 3 /INPUT 1 "SHIFT";
    .port_info 4 /INPUT 16 "D";
    .port_info 5 /OUTPUT 16 "Q";
    .port_info 6 /OUTPUT 1 "LSB";
P_0x60d7515e5d40 .param/l "DIR" 0 6 5, +C4<00000000000000000000000000000000>;
P_0x60d7515e5d80 .param/l "N" 0 6 4, +C4<00000000000000000000000000010000>;
v0x60d7515e6a00_0 .net "D", 15 0, v0x60d7515e7fc0_0;  alias, 1 drivers
v0x60d7515e6b00_0 .net "LD", 0 0, v0x60d7515a1290_0;  alias, 1 drivers
v0x60d7515e6bc0_0 .net "LSB", 0 0, L_0x60d7515f8650;  alias, 1 drivers
v0x60d7515e6cc0_0 .var "Q", 15 0;
v0x60d7515e6d60_0 .net "SHIFT", 0 0, v0x60d75159ff20_0;  alias, 1 drivers
v0x60d7515e6ea0_0 .net "clk", 0 0, v0x60d7515e8060_0;  alias, 1 drivers
v0x60d7515e6f40_0 .net "rst", 0 0, v0x60d7515e8240_0;  alias, 1 drivers
L_0x60d7515f8650 .part v0x60d7515e6cc0_0, 0, 1;
    .scope S_0x60d7515e5ae0;
T_0 ;
    %wait E_0x60d7515c68f0;
    %load/vec4 v0x60d7515e6470_0;
    %flag_set/vec4 8;
    %jmp/0xz  T_0.0, 8;
    %pushi/vec4 0, 0, 16;
    %assign/vec4 v0x60d7515e61c0_0, 0;
    %jmp T_0.1;
T_0.0 ;
    %load/vec4 v0x60d7515e6010_0;
    %flag_set/vec4 8;
    %jmp/0xz  T_0.2, 8;
    %load/vec4 v0x60d7515e5f30_0;
    %assign/vec4 v0x60d7515e61c0_0, 0;
    %jmp T_0.3;
T_0.2 ;
    %load/vec4 v0x60d7515e6290_0;
    %flag_set/vec4 8;
    %jmp/0xz  T_0.4, 8;
    %load/vec4 v0x60d7515e61c0_0;
    %parti/s 15, 0, 2;
    %concati/vec4 0, 0, 1;
    %assign/vec4 v0x60d7515e61c0_0, 0;
T_0.4 ;
T_0.3 ;
T_0.1 ;
    %jmp T_0;
    .thread T_0;
    .scope S_0x60d7515e6640;
T_1 ;
    %wait E_0x60d7515c68f0;
    %load/vec4 v0x60d7515e6f40_0;
    %flag_set/vec4 8;
    %jmp/0xz  T_1.0, 8;
    %pushi/vec4 0, 0, 16;
    %assign/vec4 v0x60d7515e6cc0_0, 0;
    %jmp T_1.1;
T_1.0 ;
    %load/vec4 v0x60d7515e6b00_0;
    %flag_set/vec4 8;
    %jmp/0xz  T_1.2, 8;
    %load/vec4 v0x60d7515e6a00_0;
    %assign/vec4 v0x60d7515e6cc0_0, 0;
    %jmp T_1.3;
T_1.2 ;
    %load/vec4 v0x60d7515e6d60_0;
    %flag_set/vec4 8;
    %jmp/0xz  T_1.4, 8;
    %pushi/vec4 0, 0, 1;
    %load/vec4 v0x60d7515e6cc0_0;
    %parti/s 15, 1, 2;
    %concat/vec4; draw_concat_vec4
    %assign/vec4 v0x60d7515e6cc0_0, 0;
T_1.4 ;
T_1.3 ;
T_1.1 ;
    %jmp T_1;
    .thread T_1;
    .scope S_0x60d7515e5260;
T_2 ;
    %wait E_0x60d7515c68f0;
    %load/vec4 v0x60d7515e5950_0;
    %flag_set/vec4 8;
    %jmp/0xz  T_2.0, 8;
    %pushi/vec4 0, 0, 32;
    %assign/vec4 v0x60d7515e56d0_0, 0;
    %jmp T_2.1;
T_2.0 ;
    %load/vec4 v0x60d7515e5630_0;
    %flag_set/vec4 8;
    %jmp/0xz  T_2.2, 8;
    %pushi/vec4 0, 0, 32;
    %assign/vec4 v0x60d7515e56d0_0, 0;
    %jmp T_2.3;
T_2.2 ;
    %load/vec4 v0x60d7515e5570_0;
    %flag_set/vec4 8;
    %jmp/0xz  T_2.4, 8;
    %load/vec4 v0x60d7515e56d0_0;
    %load/vec4 v0x60d7515e57a0_0;
    %pad/u 32;
    %add;
    %assign/vec4 v0x60d7515e56d0_0, 0;
T_2.4 ;
T_2.3 ;
T_2.1 ;
    %jmp T_2;
    .thread T_2;
    .scope S_0x60d7515ae810;
T_3 ;
    %pushi/vec4 0, 0, 1;
    %store/vec4 v0x60d7515a11f0_0, 0, 1;
    %pushi/vec4 0, 0, 1;
    %store/vec4 v0x60d75159ff20_0, 0, 1;
    %pushi/vec4 0, 0, 1;
    %store/vec4 v0x60d7515a1290_0, 0, 1;
    %pushi/vec4 0, 0, 1;
    %store/vec4 v0x60d7515a61a0_0, 0, 1;
    %pushi/vec4 0, 0, 3;
    %store/vec4 v0x60d7515e4f80_0, 0, 3;
    %pushi/vec4 0, 0, 5;
    %store/vec4 v0x60d7515e4d20_0, 0, 5;
    %end;
    .thread T_3;
    .scope S_0x60d7515ae810;
T_4 ;
    %wait E_0x60d7515c45a0;
    %load/vec4 v0x60d7515e4e00_0;
    %flag_set/vec4 8;
    %jmp/0xz  T_4.0, 8;
    %pushi/vec4 0, 0, 3;
    %assign/vec4 v0x60d7515e4f80_0, 0;
    %jmp T_4.1;
T_4.0 ;
    %load/vec4 v0x60d7515e4f80_0;
    %dup/vec4;
    %pushi/vec4 0, 0, 3;
    %cmp/u;
    %jmp/1 T_4.2, 6;
    %dup/vec4;
    %pushi/vec4 1, 0, 3;
    %cmp/u;
    %jmp/1 T_4.3, 6;
    %dup/vec4;
    %pushi/vec4 2, 0, 3;
    %cmp/u;
    %jmp/1 T_4.4, 6;
    %dup/vec4;
    %pushi/vec4 3, 0, 3;
    %cmp/u;
    %jmp/1 T_4.5, 6;
    %dup/vec4;
    %pushi/vec4 4, 0, 3;
    %cmp/u;
    %jmp/1 T_4.6, 6;
    %pushi/vec4 0, 0, 3;
    %assign/vec4 v0x60d7515e4f80_0, 0;
    %jmp T_4.8;
T_4.2 ;
    %pushi/vec4 0, 0, 1;
    %assign/vec4 v0x60d7515a11f0_0, 0;
    %pushi/vec4 0, 0, 1;
    %assign/vec4 v0x60d75159ff20_0, 0;
    %pushi/vec4 1, 0, 1;
    %assign/vec4 v0x60d7515a1290_0, 0;
    %pushi/vec4 0, 0, 1;
    %assign/vec4 v0x60d7515a61a0_0, 0;
    %pushi/vec4 0, 0, 5;
    %assign/vec4 v0x60d7515e4d20_0, 0;
    %load/vec4 v0x60d7515e4ec0_0;
    %flag_set/vec4 8;
    %jmp/0xz  T_4.9, 8;
    %pushi/vec4 1, 0, 3;
    %assign/vec4 v0x60d7515e4f80_0, 0;
    %jmp T_4.10;
T_4.9 ;
    %pushi/vec4 0, 0, 3;
    %assign/vec4 v0x60d7515e4f80_0, 0;
T_4.10 ;
    %jmp T_4.8;
T_4.3 ;
    %pushi/vec4 0, 0, 1;
    %assign/vec4 v0x60d7515a11f0_0, 0;
    %pushi/vec4 0, 0, 1;
    %assign/vec4 v0x60d75159ff20_0, 0;
    %pushi/vec4 0, 0, 1;
    %assign/vec4 v0x60d7515a1290_0, 0;
    %pushi/vec4 0, 0, 1;
    %assign/vec4 v0x60d7515a61a0_0, 0;
    %load/vec4 v0x60d75159ffc0_0;
    %flag_set/vec4 8;
    %jmp/0xz  T_4.11, 8;
    %pushi/vec4 2, 0, 3;
    %assign/vec4 v0x60d7515e4f80_0, 0;
    %jmp T_4.12;
T_4.11 ;
    %pushi/vec4 3, 0, 3;
    %assign/vec4 v0x60d7515e4f80_0, 0;
T_4.12 ;
    %jmp T_4.8;
T_4.4 ;
    %pushi/vec4 0, 0, 1;
    %assign/vec4 v0x60d7515a11f0_0, 0;
    %pushi/vec4 0, 0, 1;
    %assign/vec4 v0x60d75159ff20_0, 0;
    %pushi/vec4 0, 0, 1;
    %assign/vec4 v0x60d7515a1290_0, 0;
    %pushi/vec4 1, 0, 1;
    %assign/vec4 v0x60d7515a61a0_0, 0;
    %pushi/vec4 3, 0, 3;
    %assign/vec4 v0x60d7515e4f80_0, 0;
    %jmp T_4.8;
T_4.5 ;
    %pushi/vec4 0, 0, 1;
    %assign/vec4 v0x60d7515a11f0_0, 0;
    %pushi/vec4 1, 0, 1;
    %assign/vec4 v0x60d75159ff20_0, 0;
    %pushi/vec4 0, 0, 1;
    %assign/vec4 v0x60d7515a1290_0, 0;
    %pushi/vec4 0, 0, 1;
    %assign/vec4 v0x60d7515a61a0_0, 0;
    %load/vec4 v0x60d7515e4ba0_0;
    %flag_set/vec4 8;
    %jmp/0xz  T_4.13, 8;
    %pushi/vec4 4, 0, 3;
    %assign/vec4 v0x60d7515e4f80_0, 0;
    %jmp T_4.14;
T_4.13 ;
    %pushi/vec4 1, 0, 3;
    %assign/vec4 v0x60d7515e4f80_0, 0;
T_4.14 ;
    %jmp T_4.8;
T_4.6 ;
    %pushi/vec4 1, 0, 1;
    %assign/vec4 v0x60d7515a11f0_0, 0;
    %pushi/vec4 0, 0, 1;
    %assign/vec4 v0x60d75159ff20_0, 0;
    %pushi/vec4 0, 0, 1;
    %assign/vec4 v0x60d7515a1290_0, 0;
    %pushi/vec4 0, 0, 1;
    %assign/vec4 v0x60d7515a61a0_0, 0;
    %load/vec4 v0x60d7515e4d20_0;
    %addi 1, 0, 5;
    %assign/vec4 v0x60d7515e4d20_0, 0;
    %load/vec4 v0x60d7515e4d20_0;
    %cmpi/u 28, 0, 5;
    %flag_or 5, 4; GT is !LE
    %flag_inv 5;
    %flag_mov 8, 5;
    %jmp/0 T_4.15, 8;
    %pushi/vec4 0, 0, 3;
    %jmp/1 T_4.16, 8;
T_4.15 ; End of true expr.
    %pushi/vec4 4, 0, 3;
    %jmp/0 T_4.16, 8;
 ; End of false expr.
    %blend;
T_4.16;
    %assign/vec4 v0x60d7515e4f80_0, 0;
    %jmp T_4.8;
T_4.8 ;
    %pop/vec4 1;
T_4.1 ;
    %jmp T_4;
    .thread T_4;
    .scope S_0x60d7515ae810;
T_5 ;
    %wait E_0x60d7515c3530;
    %load/vec4 v0x60d7515e4f80_0;
    %dup/vec4;
    %pushi/vec4 0, 0, 3;
    %cmp/u;
    %jmp/1 T_5.0, 6;
    %dup/vec4;
    %pushi/vec4 1, 0, 3;
    %cmp/u;
    %jmp/1 T_5.1, 6;
    %dup/vec4;
    %pushi/vec4 2, 0, 3;
    %cmp/u;
    %jmp/1 T_5.2, 6;
    %dup/vec4;
    %pushi/vec4 3, 0, 3;
    %cmp/u;
    %jmp/1 T_5.3, 6;
    %dup/vec4;
    %pushi/vec4 4, 0, 3;
    %cmp/u;
    %jmp/1 T_5.4, 6;
    %jmp T_5.5;
T_5.0 ;
    %pushi/vec4 0, 0, 32; draw_string_vec4
    %pushi/vec4 0, 0, 32; draw_string_vec4
    %concat/vec4; draw_string_vec4
    %pushi/vec4 0, 0, 32; draw_string_vec4
    %concat/vec4; draw_string_vec4
    %pushi/vec4 0, 0, 32; draw_string_vec4
    %concat/vec4; draw_string_vec4
    %pushi/vec4 0, 0, 32; draw_string_vec4
    %concat/vec4; draw_string_vec4
    %pushi/vec4 0, 0, 32; draw_string_vec4
    %concat/vec4; draw_string_vec4
    %pushi/vec4 0, 0, 32; draw_string_vec4
    %concat/vec4; draw_string_vec4
    %pushi/vec4 0, 0, 32; draw_string_vec4
    %concat/vec4; draw_string_vec4
    %pushi/vec4 83, 0, 32; draw_string_vec4
    %concat/vec4; draw_string_vec4
    %pushi/vec4 1413567060, 0, 32; draw_string_vec4
    %concat/vec4; draw_string_vec4
    %store/vec4 v0x60d7515e5060_0, 0, 320;
    %jmp T_5.5;
T_5.1 ;
    %pushi/vec4 0, 0, 32; draw_string_vec4
    %pushi/vec4 0, 0, 32; draw_string_vec4
    %concat/vec4; draw_string_vec4
    %pushi/vec4 0, 0, 32; draw_string_vec4
    %concat/vec4; draw_string_vec4
    %pushi/vec4 0, 0, 32; draw_string_vec4
    %concat/vec4; draw_string_vec4
    %pushi/vec4 0, 0, 32; draw_string_vec4
    %concat/vec4; draw_string_vec4
    %pushi/vec4 0, 0, 32; draw_string_vec4
    %concat/vec4; draw_string_vec4
    %pushi/vec4 0, 0, 32; draw_string_vec4
    %concat/vec4; draw_string_vec4
    %pushi/vec4 0, 0, 32; draw_string_vec4
    %concat/vec4; draw_string_vec4
    %pushi/vec4 67, 0, 32; draw_string_vec4
    %concat/vec4; draw_string_vec4
    %pushi/vec4 1212498763, 0, 32; draw_string_vec4
    %concat/vec4; draw_string_vec4
    %store/vec4 v0x60d7515e5060_0, 0, 320;
    %jmp T_5.5;
T_5.2 ;
    %pushi/vec4 0, 0, 32; draw_string_vec4
    %pushi/vec4 0, 0, 32; draw_string_vec4
    %concat/vec4; draw_string_vec4
    %pushi/vec4 0, 0, 32; draw_string_vec4
    %concat/vec4; draw_string_vec4
    %pushi/vec4 0, 0, 32; draw_string_vec4
    %concat/vec4; draw_string_vec4
    %pushi/vec4 0, 0, 32; draw_string_vec4
    %concat/vec4; draw_string_vec4
    %pushi/vec4 0, 0, 32; draw_string_vec4
    %concat/vec4; draw_string_vec4
    %pushi/vec4 0, 0, 32; draw_string_vec4
    %concat/vec4; draw_string_vec4
    %pushi/vec4 0, 0, 32; draw_string_vec4
    %concat/vec4; draw_string_vec4
    %pushi/vec4 0, 0, 32; draw_string_vec4
    %concat/vec4; draw_string_vec4
    %pushi/vec4 4277316, 0, 32; draw_string_vec4
    %concat/vec4; draw_string_vec4
    %store/vec4 v0x60d7515e5060_0, 0, 320;
    %jmp T_5.5;
T_5.3 ;
    %pushi/vec4 0, 0, 32; draw_string_vec4
    %pushi/vec4 0, 0, 32; draw_string_vec4
    %concat/vec4; draw_string_vec4
    %pushi/vec4 0, 0, 32; draw_string_vec4
    %concat/vec4; draw_string_vec4
    %pushi/vec4 0, 0, 32; draw_string_vec4
    %concat/vec4; draw_string_vec4
    %pushi/vec4 0, 0, 32; draw_string_vec4
    %concat/vec4; draw_string_vec4
    %pushi/vec4 0, 0, 32; draw_string_vec4
    %concat/vec4; draw_string_vec4
    %pushi/vec4 0, 0, 32; draw_string_vec4
    %concat/vec4; draw_string_vec4
    %pushi/vec4 0, 0, 32; draw_string_vec4
    %concat/vec4; draw_string_vec4
    %pushi/vec4 83, 0, 32; draw_string_vec4
    %concat/vec4; draw_string_vec4
    %pushi/vec4 1212761684, 0, 32; draw_string_vec4
    %concat/vec4; draw_string_vec4
    %store/vec4 v0x60d7515e5060_0, 0, 320;
    %jmp T_5.5;
T_5.4 ;
    %pushi/vec4 0, 0, 32; draw_string_vec4
    %pushi/vec4 0, 0, 32; draw_string_vec4
    %concat/vec4; draw_string_vec4
    %pushi/vec4 0, 0, 32; draw_string_vec4
    %concat/vec4; draw_string_vec4
    %pushi/vec4 0, 0, 32; draw_string_vec4
    %concat/vec4; draw_string_vec4
    %pushi/vec4 0, 0, 32; draw_string_vec4
    %concat/vec4; draw_string_vec4
    %pushi/vec4 0, 0, 32; draw_string_vec4
    %concat/vec4; draw_string_vec4
    %pushi/vec4 0, 0, 32; draw_string_vec4
    %concat/vec4; draw_string_vec4
    %pushi/vec4 0, 0, 32; draw_string_vec4
    %concat/vec4; draw_string_vec4
    %pushi/vec4 0, 0, 32; draw_string_vec4
    %concat/vec4; draw_string_vec4
    %pushi/vec4 4542020, 0, 32; draw_string_vec4
    %concat/vec4; draw_string_vec4
    %store/vec4 v0x60d7515e5060_0, 0, 320;
    %jmp T_5.5;
T_5.5 ;
    %pop/vec4 1;
    %jmp T_5;
    .thread T_5, $push;
    .scope S_0x60d7515b3bd0;
T_6 ;
    %delay 5000, 0;
    %load/vec4 v0x60d7515e8060_0;
    %inv;
    %store/vec4 v0x60d7515e8060_0, 0, 1;
    %jmp T_6;
    .thread T_6;
    .scope S_0x60d7515b3bd0;
T_7 ;
    %vpi_call 2 36 "$dumpfile", "multiplier.vcd" {0 0 0};
    %vpi_call 2 37 "$dumpvars", 32'sb00000000000000000000000000000000, S_0x60d7515b3bd0 {0 0 0};
    %pushi/vec4 0, 0, 1;
    %store/vec4 v0x60d7515e8060_0, 0, 1;
    %pushi/vec4 1, 0, 1;
    %store/vec4 v0x60d7515e8240_0, 0, 1;
    %pushi/vec4 0, 0, 1;
    %store/vec4 v0x60d7515e82e0_0, 0, 1;
    %pushi/vec4 0, 0, 16;
    %store/vec4 v0x60d7515e7f00_0, 0, 16;
    %pushi/vec4 0, 0, 16;
    %store/vec4 v0x60d7515e7fc0_0, 0, 16;
    %delay 20000, 0;
    %pushi/vec4 0, 0, 1;
    %store/vec4 v0x60d7515e8240_0, 0, 1;
    %delay 10000, 0;
    %pushi/vec4 15, 0, 16;
    %store/vec4 v0x60d7515e7f00_0, 0, 16;
    %pushi/vec4 7, 0, 16;
    %store/vec4 v0x60d7515e7fc0_0, 0, 16;
    %pushi/vec4 1, 0, 1;
    %store/vec4 v0x60d7515e82e0_0, 0, 1;
    %delay 10000, 0;
    %pushi/vec4 0, 0, 1;
    %store/vec4 v0x60d7515e82e0_0, 0, 1;
T_7.0 ;
    %load/vec4 v0x60d7515e8100_0;
    %cmpi/ne 1, 0, 1;
    %jmp/0xz T_7.1, 6;
    %wait E_0x60d7515c3ed0;
    %jmp T_7.0;
T_7.1 ;
    %delay 20000, 0;
    %pushi/vec4 1, 0, 1;
    %store/vec4 v0x60d7515e8240_0, 0, 1;
    %delay 10000, 0;
    %pushi/vec4 0, 0, 1;
    %store/vec4 v0x60d7515e8240_0, 0, 1;
    %delay 10000, 0;
    %pushi/vec4 63, 0, 16;
    %store/vec4 v0x60d7515e7f00_0, 0, 16;
    %pushi/vec4 9, 0, 16;
    %store/vec4 v0x60d7515e7fc0_0, 0, 16;
    %pushi/vec4 1, 0, 1;
    %store/vec4 v0x60d7515e82e0_0, 0, 1;
    %delay 10000, 0;
    %pushi/vec4 0, 0, 1;
    %store/vec4 v0x60d7515e82e0_0, 0, 1;
T_7.2 ;
    %load/vec4 v0x60d7515e8100_0;
    %cmpi/ne 1, 0, 1;
    %jmp/0xz T_7.3, 6;
    %wait E_0x60d7515c3ed0;
    %jmp T_7.2;
T_7.3 ;
    %delay 30000, 0;
    %vpi_call 2 82 "$finish" {0 0 0};
    %end;
    .thread T_7;
# The file index is used to find the file name in the following table.
:file_names 7;
    "N/A";
    "<interactive>";
    "tb_multiplier.v";
    "multiplier.v";
    "control_unit.v";
    "accumulator.v";
    "shift_register.v";
